**********************
Windows PowerShell 脚本开始
开始时间: 20260821235607
用户名: LEGION-DH-YS\13801
RunAs 用户: LEGION-DH-YS\13801
配置名称: 
计算机: LEGION-DH-YS (Microsoft Windows NT 10.0.26200.0)
主机应用程序: C:\Windows\system32\WindowsPowerShell\v1.0\PowerShell.exe
进程 ID: 21172
PSVersion: 5.1.26100.9168
PSEdition: Desktop
PSCompatibleVersions: 1.0, 2.0, 3.0, 4.0, 5.0, 5.1.26100.9168
BuildVersion: 10.0.26100.9168
CLRVersion: 4.0.30319.42000
WSManStackVersion: 3.0
PSRemotingProtocolVersion: 2.3
SerializationVersion: 1.1.0.1
**********************
已启动脚本，输出文件为 D:\SITP\tet_work\formal_train_console_20260821.log
  matmul_precision: high
  devices: 1
  accumulate_grad_batches: 1
  check_val_every_n_epoch: 1
  fast_dev_run: false
  num_sanity_val_steps: 2
  gradient_clip_val: 0.5
  enable_checkpointing: true
  checkpoint_frequency: 100
  max_epochs: 101
  torch_compile: false
  ckpt_path: null
base_dir: ./output/hydra
exp_name: amber_pipeline_weighted_fairness_control
_version: 1
idx: ambpw1ft
seed: 2
experiment_protocol:
  method_id: M1
  analysis_id: M1-FT
  method_role: auxiliary
  protocol_id: formal-mold7000-v3
  formal_run: true
  run_test_after_fit: false
  evaluation_prediction_variants:
  - final
  budget_close_relative_tolerance: 0.18
  budget_valid_min_ratio: 0.8
  budget_valid_max_ratio: 1.5714285714285714
  require_seed_matched_m1_checkpoint: true
  evaluation_checkpoint: last.ckpt
  training_budget_epochs: 101
  require_clean_repositories: true
  initialization_mode: weights_only_fresh_optimizer
  m1_checkpoint_search_root: output/hydra/training

Seed set to 2
example_graph.x.shape:torch.Size([172, 3])
example_graph.edge_attr.shape:torch.Size([1806, 2])
embeding_config:None
in_node_features:3
in_edge_features:2
No embedding config 没没有有输输入入嵌嵌入入层层配配置置
No embedding config 没没有有输输入入嵌嵌入入层层配配置置
{
  "experiment_information_flow": {
    "method_id": "M1",
    "analysis_id": "M1-FT",
    "method_role": "auxiliary",
    "oracle_only": false,
    "protocol_id": "formal-mold7000-v3",
    "formal_run": true,
    "run_test_after_fit": false,
    "evaluation_prediction_variants": [
      "final"
    ],
    "budget_close_relative_tolerance": 0.18,
    "budget_valid_min_ratio": 0.8,
    "budget_valid_max_ratio": 1.5714285714285714,
    "weighted_enabled": true,
    "weighted_source": "pipeline_indicator",
    "weighted_mode": "linear",
    "correction_enabled": false,
    "physics_feature_source": "pipeline_indicator",
    "stage_projection_target": "learner_mesh",
    "gate_max": 1.0,
    "checkpoint_init_path": "D:\\SITP\\tet_work\\amber\\output\\formal_experiments\\formal-mold7000-v3\\M1\\seed_02\\che
ckpoints\\last.ckpt",
    "checkpoint_init_validated": true,
    "inference_steps": 3,
    "training_budget_epochs": 101,
    "evaluation_checkpoint": "last.ckpt",
    "dataset_fingerprint_sha256": "26f333eb00e4818225f98ad27a77cf0eea802903ff4be3af78d094bf0f085c7c",
    "code_versions": {
      "amber": {
        "root": "D:\\SITP\\tet_work\\amber",
        "commit": "b74c803b6832d100e3d0cba09d049a65197c1310",
        "branch": "with_pipeline",
        "dirty": false,
        "status_porcelain": []
      },
      "dataest-pipeline": {
        "root": "D:\\SITP\\tet_work\\dataest-pipeline",
        "commit": "fc11801a248156442a6635e85104ef05da9a53fc",
        "branch": "main",
        "dirty": false,
        "status_porcelain": []
      }
    },
    "retained_split_sizes": {
      "train": 182,
      "val": 34,
      "test": 42
    }
  }
}
D:\SITP\tet_work\amber\output\formal_experiments\formal-mold7000-v3\M1-FT\seed_02
Using 16bit Automatic Mixed Precision (AMP)
GPU available: True (cuda), used: True
TPU available: False, using: 0 TPU cores
HPU available: False, using: 0 HPUs
LOCAL_RANK: 0 - CUDA_VISIBLE_DEVICES: [0]
Sanity Checking: |                                                                               | 0/? [00:00<?, ?it/s]D
:\anaconda3\envs\AMBER_neurips\Lib\site-packages\lightning\pytorch\utilities\_pytree.py:21: `isinstance(treespec, LeafSp
ec)` is deprecated, use `isinstance(treespec, TreeSpec) and treespec.is_leaf()` instead.
Initial Metrics: 100%|█████████████████████████████████████████████████████████████████| 34/34 [00:27<00:00,  1.25it/s]
Epoch 100: 100%|█████████████████████████████████████████| 128/128 [06:00<00:00,  0.36it/s, loss=0.000, dataset_size=0]`
Trainer.fit` stopped: `max_epochs=101` reached.
Epoch 100: 100%|█████████████████████████████████████████| 128/128 [06:01<00:00,  0.35it/s, loss=0.000, dataset_size=0]
D:\anaconda3\envs\AMBER_neurips\python.exe D:\SITP\tet_work\amber\main.py +_runs/amber=amber_pipeline_feature_only task.
pipeline_output_root=D:/SITP/tet_work/dataest-pipeline/output/condition_aware_dataset_generation/default_fix_budget_run
task.geometry_source_root=D:/SITP/tet_work/dataest-pipeline/data/mold seed=0 hydra.run.dir=D:/SITP/tet_work/amber/output
/formal_experiments/formal-mold7000-v3/M2/seed_00 logger.wandb.enabled=false algorithm.init_from_weighted_baseline_check
point=D:/SITP/tet_work/amber/output/formal_experiments/formal-mold7000-v3/M1/seed_00/checkpoints/last.ckpt
task:
  features:
    vertex:
      x_position: false
      y_position: false
      z_position: false
      degree: true
      sizing_field: true
      log_sizing_field: false
      is_boundary: false
      boundary_degree: false
      x_position_norm: false
      y_position_norm: false
      z_position_norm: false
      normal_x: false
      normal_y: false
      normal_z: false
      normal_var_mean: false
      normal_var_max: false
      mean_curvature: false
      gaussian_curvature: false
    element:
      x_position: false
      y_position: false
      z_position: false
      sizing_field: true
    pixel:
      x_position: false
      y_position: false
      z_position: false
      sizing_field: true
    edge:
      distance_vector: false
      euclidean_distance: true
      edge_curvature: true
      boundary_edge_flag: false
      edge_length_over_sqrt_hihj: false
      delta_log_sizing_field: false
      dihedral_angle: false
      sharp_edge_flag: false
    add_self_edges: true
  name: pipeline_condition_aware
  max_initial_element_volume: 0.0
  sizing_field_interpolation_type: sampled_vertex
  dataset_preparator: pipeline_condition_aware
  pipeline_output_root: D:/SITP/tet_work/dataest-pipeline/output/condition_aware_dataset_generation/default_fix_budget_r
un
  geometry_source_root: D:/SITP/tet_work/dataest-pipeline/data/mold
  manifest_name: sample_manifest
  evaluation_reference_manifest_name: evaluation_reference_manifest
  require_evaluation_reference: false
  evaluation_reference_required_splits:
  - test
  dataset_fingerprint_path: manifests/dataset_fingerprint_formal-mold7000-v3.json
  path_relocation:
    enabled: true
    old_root: D:/SITP/tet_work/dataest-pipeline
    new_root: ../dataest-pipeline
  input_mesh_mode: initial_mesh
  target_mode: final_target_mesh
  split_source: sample_manifest
  required_splits:
  - train
  - val
  - test
  empty_split_policy: fail
  allowed_statuses:
  - success_budget_closed
  - success_near_desired_budget
  budget_filter: null
  require_single_budget: true
  pde_family_filter: null
  geometry_id_filter: null
  condition_id_filter: null
  sample_id_filter: null
  one_condition_per_geometry: false
  condition_spec_mode: metadata_only
  physics_weight_source: pipeline_indicator
  physics_feature_source: stage_field_fusion
  require_indicator: true
  quality_filter:
    enabled: true
    report_relative_path: reports/smoke_report.json
    allowed_verdicts:
    - PASS_STRONG
    - PASS_WEAK
    missing_report_policy: fail
    missing_sample_policy: fail
  stage_field:
    mode: single_field
    projection: idw
    projection_target: learner_mesh
    idw_k: 4
    idw_epsilon: 1.0e-12
    fail_on_missing: true
    normalize: robust_minmax
    robust_lower_quantile: 0.05
    robust_upper_quantile: 0.95
    single_field:
      name: s_pde_raw
      direction: high_is_important
      transform: log1p
      normalize: robust_minmax
    fusion:
      combine: weighted_mean
      renormalize: true
      fields:
      - name: s_pde_raw
        direction: high_is_important
        transform: log1p
        normalize: robust_minmax
        weight: 1.0
  mesh_cell_type: tetra
  cell_type_policy: filter_tetra_then_fail_if_empty
  min_initial_elements: null
  max_initial_elements: null
  min_target_elements: 1
  max_target_elements: null
  over_limit_policy: skip
algorithm:
  architecture:
    decoder:
      activation_function: leakyrelu
      num_layers: 2
      regularization:
        dropout: 0
        spectral_norm: false
        latent_normalization: null
    latent_dimension: 64
    name: mpn
    create_graph_copy: true
    assert_graph_shapes: false
    edge_dropout: 0.1
    stack:
      layer_norm: inner
      num_steps: 20
      residual_connections: inner
      mlp:
        activation_function: leakyrelu
        num_layers: 2
        add_output_layer: false
        regularization:
          dropout: 0
          spectral_norm: false
          latent_normalization: null
  dataloader:
    steps_per_epoch: 128
    accumulate_grad_batches: 1
    batch_size: 300000
    max_size: 500
    add_strategy: stratified
    max_mesh_depth: auto
    new_samples_per_epoch: 8
    priority_alpha: 0.6
    priority_epsilon: 0.01
    curriculum_warmup_ratio: 0.3
    quality_gate_enabled: true
    min_error_threshold: 0.01
    priority_refresh_interval: 5
  optimizer:
    name: adam
    lr: 0.001
    weight_decay: 1.0e-06
    scheduler: linear_warmup_decay
  normalizer:
    normalize_inputs: 1
    normalize_predictions: 1
    input_clip: 20
  mesh_metrics:
    element_delta: true
    tetra_quality: true
    projected_l2_error: true
    physics_weighted_projected_l2_error: true
    weighted_size_l2: true
    topk_high_importance_l2: true
    bucketed_error: true
    pointcloud:
      midpoint:
      - cd
      - dcd
      vertex:
      - cd
      - dcd
  name: amber
  prediction_transform:
    inverse_transform_in_loss: true
    predict_residual: true
    name: softplus
  sizing_field_interpolation_type: sampled_vertex
  max_mesh_elements: auto
  force_mesh_generation: true
  gmsh:
    min_sizing_field: x1.25
    max_sizing_field: x1.25
  evaluation_frequency: 5
  enable_physics_correction_branch: true
  physics_feature_mode: normalized_importance
  lambda_expert_aux: 0.0
  lambda_corr_aux: 0.0
  lambda_corr_reg: 0.0
  gate_activation: sigmoid
  gate_max: 0.0
  gate_init_bias: -2.5
  physics_readout_init_std: 0.001
  correction_warmup_epochs: 3
  init_from_weighted_baseline_checkpoint: D:/SITP/tet_work/amber/output/formal_experiments/formal-mold7000-v3/M1/seed_00
/checkpoints/last.ckpt
  inference_missing_physics_fallback: gate_zero
  weighted_imitation:
    enabled: true
    metric_use_physics_weights: true
    datasets:
    - pipeline_condition_aware
    weight_source_mode: pipeline_indicator
    reference_physics_type: linear_elasticity
    importance_metric: strain_energy_density
    cache_dir: ./data/weighted_imitation
    auto_prepare: false
    overwrite_cache: false
    young_modulus: 1.0
    poisson_ratio: 0.3
    console_support_quantile: 0.08
    console_load_quantile: 0.92
    console_min_region_faces: 8
    console_load_type: surface_traction
    console_surface_traction_magnitude: 1.0
    console_body_force_magnitude: 1.0
    mold_inlet_radius_scale: 0.08
    mold_far_region_quantile: 0.92
    mold_min_region_faces: 8
    mold_pressure_magnitude: 1.0
    weight_mode: linear
    beta: 1.0
    gamma: 2.0
    lambda_high: 4.0
    lambda_mid: 2.0
    topk_percent: 0.2
    ternary_low_quantile: 0.5
    ternary_high_quantile: 0.8
    bucket_count: 5
    epsilon: 1.0e-08
    normalization_lower_quantile: 0.05
    normalization_upper_quantile: 0.95
    clip_min: 1.0
    clip_max: 10.0
    weight_clip_min: 1.0
    weight_clip_max: 10.0
    solver_regularization_epsilon: 1.0e-10
    stage2_enable: false
    stage2_epochs: 20
    stage2_resume_mode: true
    stage2_weight_mode: binary_topk
    stage2_topk_percent: 0.2
    stage2_high_importance_only: true
    stage2_high_importance_emphasis: 1.0
    stage2_low_weight: 1.0e-08
    stage2_beta: 1.0
    stage2_gamma: 3.0
    stage2_lambda_mid: 2.0
    stage2_lambda_high: 8.0
    stage2_ternary_low_quantile: 0.5
    stage2_ternary_high_quantile: 0.8
    fallback_to_ones: false
  plotting:
    sample_idxs:
    - 0
    - 1
    frequency: 200
    initial_epoch: false
  loss_type: mse
  initial_mesh_handling: topology_only
  inference_steps: 3
  sizing_field_damping:
    last_step_damping: 1.0
    damping_factor: 0.618
logger:
  wandb:
    enabled: false
    entity: null
    project_name: AMBER
    group_name: amber_pipeline_feature_only
    task_name: pipeline_condition_aware
    run_name: seed_0
    job_type: +_run=amber_pipeline_feature_only,ini_fro_wei_bas_che=D:/SITP/tet_work/amber/output/formal_experiments/for
mal-mold7000-v3/M1/seed_00/checkpoints/last.ckpt,ena=false,geo_sou_roo=D:/SITP/tet_work/dataest-pipeline/data/mold,pip_o
ut_roo=D:/SITP/tet_work/dataest-pipeline/output/condition_aware_dataset_generation/default_fix_budget_run
    tags:
    - pipeline_condition_aware
    - amber
    - neurips_dev
    use_env_wandb_dir: true
    start_method: thread
trainer:
  accelerator: gpu
  precision: 16-mixed
  matmul_precision: high
  devices: 1
  accumulate_grad_batches: 1
  check_val_every_n_epoch: 1
  fast_dev_run: false
  num_sanity_val_steps: 2
  gradient_clip_val: 0.5
  enable_checkpointing: true
  checkpoint_frequency: 100
  max_epochs: 101
  torch_compile: false
  ckpt_path: null
base_dir: ./output/hydra
exp_name: amber_pipeline_feature_only
_version: 1
idx: ambpm200
seed: 0
experiment_protocol:
  method_id: M2
  analysis_id: M2
  method_role: core
  protocol_id: formal-mold7000-v3
  formal_run: true
  run_test_after_fit: false
  evaluation_prediction_variants:
  - final
  budget_close_relative_tolerance: 0.18
  budget_valid_min_ratio: 0.8
  budget_valid_max_ratio: 1.5714285714285714
  require_seed_matched_m1_checkpoint: true
  evaluation_checkpoint: last.ckpt
  training_budget_epochs: 101
  require_clean_repositories: true
  m1_checkpoint_search_root: output/hydra/training

Seed set to 0
example_graph.x.shape:torch.Size([172, 4])
example_graph.edge_attr.shape:torch.Size([1806, 2])
embeding_config:None
in_node_features:4
in_edge_features:2
No embedding config 没没有有输输入入嵌嵌入入层层配配置置
No embedding config 没没有有输输入入嵌嵌入入层层配配置置
{
  "experiment_information_flow": {
    "method_id": "M2",
    "analysis_id": "M2",
    "method_role": "core",
    "oracle_only": false,
    "protocol_id": "formal-mold7000-v3",
    "formal_run": true,
    "run_test_after_fit": false,
    "evaluation_prediction_variants": [
      "final"
    ],
    "budget_close_relative_tolerance": 0.18,
    "budget_valid_min_ratio": 0.8,
    "budget_valid_max_ratio": 1.5714285714285714,
    "weighted_enabled": true,
    "weighted_source": "pipeline_indicator",
    "weighted_mode": "linear",
    "correction_enabled": true,
    "physics_feature_source": "stage_field_fusion",
    "stage_projection_target": "learner_mesh",
    "gate_max": 0.0,
    "checkpoint_init_path": "D:\\SITP\\tet_work\\amber\\output\\formal_experiments\\formal-mold7000-v3\\M1\\seed_00\\che
ckpoints\\last.ckpt",
    "checkpoint_init_validated": true,
    "inference_steps": 3,
    "training_budget_epochs": 101,
    "evaluation_checkpoint": "last.ckpt",
    "dataset_fingerprint_sha256": "26f333eb00e4818225f98ad27a77cf0eea802903ff4be3af78d094bf0f085c7c",
    "code_versions": {
      "amber": {
        "root": "D:\\SITP\\tet_work\\amber",
        "commit": "b74c803b6832d100e3d0cba09d049a65197c1310",
        "branch": "with_pipeline",
        "dirty": false,
        "status_porcelain": []
      },
      "dataest-pipeline": {
        "root": "D:\\SITP\\tet_work\\dataest-pipeline",
        "commit": "fc11801a248156442a6635e85104ef05da9a53fc",
        "branch": "main",
        "dirty": false,
        "status_porcelain": []
      }
    },
    "retained_split_sizes": {
      "train": 182,
      "val": 34,
      "test": 42
    }
  }
}
D:\SITP\tet_work\amber\output\formal_experiments\formal-mold7000-v3\M2\seed_00
Using 16bit Automatic Mixed Precision (AMP)
GPU available: True (cuda), used: True
TPU available: False, using: 0 TPU cores
HPU available: False, using: 0 HPUs
LOCAL_RANK: 0 - CUDA_VISIBLE_DEVICES: [0]
Sanity Checking: |                                                                               | 0/? [00:00<?, ?it/s]D
:\anaconda3\envs\AMBER_neurips\Lib\site-packages\lightning\pytorch\utilities\_pytree.py:21: `isinstance(treespec, LeafSp
ec)` is deprecated, use `isinstance(treespec, TreeSpec) and treespec.is_leaf()` instead.
Initial Metrics: 100%|█████████████████████████████████████████████████████████████████| 34/34 [00:26<00:00,  1.28it/s]
Epoch 100: 100%|█████████████████████████████████████████| 128/128 [05:51<00:00,  0.36it/s, loss=0.000, dataset_size=0]`
Trainer.fit` stopped: `max_epochs=101` reached.
Epoch 100: 100%|█████████████████████████████████████████| 128/128 [05:53<00:00,  0.36it/s, loss=0.000, dataset_size=0]
D:\anaconda3\envs\AMBER_neurips\python.exe D:\SITP\tet_work\amber\main.py +_runs/amber=amber_pipeline_feature_only task.
pipeline_output_root=D:/SITP/tet_work/dataest-pipeline/output/condition_aware_dataset_generation/default_fix_budget_run
task.geometry_source_root=D:/SITP/tet_work/dataest-pipeline/data/mold seed=1 hydra.run.dir=D:/SITP/tet_work/amber/output
/formal_experiments/formal-mold7000-v3/M2/seed_01 logger.wandb.enabled=false algorithm.init_from_weighted_baseline_check
point=D:/SITP/tet_work/amber/output/formal_experiments/formal-mold7000-v3/M1/seed_01/checkpoints/last.ckpt
task:
  features:
    vertex:
      x_position: false
      y_position: false
      z_position: false
      degree: true
      sizing_field: true
      log_sizing_field: false
      is_boundary: false
      boundary_degree: false
      x_position_norm: false
      y_position_norm: false
      z_position_norm: false
      normal_x: false
      normal_y: false
      normal_z: false
      normal_var_mean: false
      normal_var_max: false
      mean_curvature: false
      gaussian_curvature: false
    element:
      x_position: false
      y_position: false
      z_position: false
      sizing_field: true
    pixel:
      x_position: false
      y_position: false
      z_position: false
      sizing_field: true
    edge:
      distance_vector: false
      euclidean_distance: true
      edge_curvature: true
      boundary_edge_flag: false
      edge_length_over_sqrt_hihj: false
      delta_log_sizing_field: false
      dihedral_angle: false
      sharp_edge_flag: false
    add_self_edges: true
  name: pipeline_condition_aware
  max_initial_element_volume: 0.0
  sizing_field_interpolation_type: sampled_vertex
  dataset_preparator: pipeline_condition_aware
  pipeline_output_root: D:/SITP/tet_work/dataest-pipeline/output/condition_aware_dataset_generation/default_fix_budget_r
un
  geometry_source_root: D:/SITP/tet_work/dataest-pipeline/data/mold
  manifest_name: sample_manifest
  evaluation_reference_manifest_name: evaluation_reference_manifest
  require_evaluation_reference: false
  evaluation_reference_required_splits:
  - test
  dataset_fingerprint_path: manifests/dataset_fingerprint_formal-mold7000-v3.json
  path_relocation:
    enabled: true
    old_root: D:/SITP/tet_work/dataest-pipeline
    new_root: ../dataest-pipeline
  input_mesh_mode: initial_mesh
  target_mode: final_target_mesh
  split_source: sample_manifest
  required_splits:
  - train
  - val
  - test
  empty_split_policy: fail
  allowed_statuses:
  - success_budget_closed
  - success_near_desired_budget
  budget_filter: null
  require_single_budget: true
  pde_family_filter: null
  geometry_id_filter: null
  condition_id_filter: null
  sample_id_filter: null
  one_condition_per_geometry: false
  condition_spec_mode: metadata_only
  physics_weight_source: pipeline_indicator
  physics_feature_source: stage_field_fusion
  require_indicator: true
  quality_filter:
    enabled: true
    report_relative_path: reports/smoke_report.json
    allowed_verdicts:
    - PASS_STRONG
    - PASS_WEAK
    missing_report_policy: fail
    missing_sample_policy: fail
  stage_field:
    mode: single_field
    projection: idw
    projection_target: learner_mesh
    idw_k: 4
    idw_epsilon: 1.0e-12
    fail_on_missing: true
    normalize: robust_minmax
    robust_lower_quantile: 0.05
    robust_upper_quantile: 0.95
    single_field:
      name: s_pde_raw
      direction: high_is_important
      transform: log1p
      normalize: robust_minmax
    fusion:
      combine: weighted_mean
      renormalize: true
      fields:
      - name: s_pde_raw
        direction: high_is_important
        transform: log1p
        normalize: robust_minmax
        weight: 1.0
  mesh_cell_type: tetra
  cell_type_policy: filter_tetra_then_fail_if_empty
  min_initial_elements: null
  max_initial_elements: null
  min_target_elements: 1
  max_target_elements: null
  over_limit_policy: skip
algorithm:
  architecture:
    decoder:
      activation_function: leakyrelu
      num_layers: 2
      regularization:
        dropout: 0
        spectral_norm: false
        latent_normalization: null
    latent_dimension: 64
    name: mpn
    create_graph_copy: true
    assert_graph_shapes: false
    edge_dropout: 0.1
    stack:
      layer_norm: inner
      num_steps: 20
      residual_connections: inner
      mlp:
        activation_function: leakyrelu
        num_layers: 2
        add_output_layer: false
        regularization:
          dropout: 0
          spectral_norm: false
          latent_normalization: null
  dataloader:
    steps_per_epoch: 128
    accumulate_grad_batches: 1
    batch_size: 300000
    max_size: 500
    add_strategy: stratified
    max_mesh_depth: auto
    new_samples_per_epoch: 8
    priority_alpha: 0.6
    priority_epsilon: 0.01
    curriculum_warmup_ratio: 0.3
    quality_gate_enabled: true
    min_error_threshold: 0.01
    priority_refresh_interval: 5
  optimizer:
    name: adam
    lr: 0.001
    weight_decay: 1.0e-06
    scheduler: linear_warmup_decay
  normalizer:
    normalize_inputs: 1
    normalize_predictions: 1
    input_clip: 20
  mesh_metrics:
    element_delta: true
    tetra_quality: true
    projected_l2_error: true
    physics_weighted_projected_l2_error: true
    weighted_size_l2: true
    topk_high_importance_l2: true
    bucketed_error: true
    pointcloud:
      midpoint:
      - cd
      - dcd
      vertex:
      - cd
      - dcd
  name: amber
  prediction_transform:
    inverse_transform_in_loss: true
    predict_residual: true
    name: softplus
  sizing_field_interpolation_type: sampled_vertex
  max_mesh_elements: auto
  force_mesh_generation: true
  gmsh:
    min_sizing_field: x1.25
    max_sizing_field: x1.25
  evaluation_frequency: 5
  enable_physics_correction_branch: true
  physics_feature_mode: normalized_importance
  lambda_expert_aux: 0.0
  lambda_corr_aux: 0.0
  lambda_corr_reg: 0.0
  gate_activation: sigmoid
  gate_max: 0.0
  gate_init_bias: -2.5
  physics_readout_init_std: 0.001
  correction_warmup_epochs: 3
  init_from_weighted_baseline_checkpoint: D:/SITP/tet_work/amber/output/formal_experiments/formal-mold7000-v3/M1/seed_01
/checkpoints/last.ckpt
  inference_missing_physics_fallback: gate_zero
  weighted_imitation:
    enabled: true
    metric_use_physics_weights: true
    datasets:
    - pipeline_condition_aware
    weight_source_mode: pipeline_indicator
    reference_physics_type: linear_elasticity
    importance_metric: strain_energy_density
    cache_dir: ./data/weighted_imitation
    auto_prepare: false
    overwrite_cache: false
    young_modulus: 1.0
    poisson_ratio: 0.3
    console_support_quantile: 0.08
    console_load_quantile: 0.92
    console_min_region_faces: 8
    console_load_type: surface_traction
    console_surface_traction_magnitude: 1.0
    console_body_force_magnitude: 1.0
    mold_inlet_radius_scale: 0.08
    mold_far_region_quantile: 0.92
    mold_min_region_faces: 8
    mold_pressure_magnitude: 1.0
    weight_mode: linear
    beta: 1.0
    gamma: 2.0
    lambda_high: 4.0
    lambda_mid: 2.0
    topk_percent: 0.2
    ternary_low_quantile: 0.5
    ternary_high_quantile: 0.8
    bucket_count: 5
    epsilon: 1.0e-08
    normalization_lower_quantile: 0.05
    normalization_upper_quantile: 0.95
    clip_min: 1.0
    clip_max: 10.0
    weight_clip_min: 1.0
    weight_clip_max: 10.0
    solver_regularization_epsilon: 1.0e-10
    stage2_enable: false
    stage2_epochs: 20
    stage2_resume_mode: true
    stage2_weight_mode: binary_topk
    stage2_topk_percent: 0.2
    stage2_high_importance_only: true
    stage2_high_importance_emphasis: 1.0
    stage2_low_weight: 1.0e-08
    stage2_beta: 1.0
    stage2_gamma: 3.0
    stage2_lambda_mid: 2.0
    stage2_lambda_high: 8.0
    stage2_ternary_low_quantile: 0.5
    stage2_ternary_high_quantile: 0.8
    fallback_to_ones: false
  plotting:
    sample_idxs:
    - 0
    - 1
    frequency: 200
    initial_epoch: false
  loss_type: mse
  initial_mesh_handling: topology_only
  inference_steps: 3
  sizing_field_damping:
    last_step_damping: 1.0
    damping_factor: 0.618
logger:
  wandb:
    enabled: false
    entity: null
    project_name: AMBER
    group_name: amber_pipeline_feature_only
    task_name: pipeline_condition_aware
    run_name: seed_1
    job_type: +_run=amber_pipeline_feature_only,ini_fro_wei_bas_che=D:/SITP/tet_work/amber/output/formal_experiments/for
mal-mold7000-v3/M1/seed_01/checkpoints/last.ckpt,ena=false,geo_sou_roo=D:/SITP/tet_work/dataest-pipeline/data/mold,pip_o
ut_roo=D:/SITP/tet_work/dataest-pipeline/output/condition_aware_dataset_generation/default_fix_budget_run
    tags:
    - pipeline_condition_aware
    - amber
    - neurips_dev
    use_env_wandb_dir: true
    start_method: thread
trainer:
  accelerator: gpu
  precision: 16-mixed
  matmul_precision: high
  devices: 1
  accumulate_grad_batches: 1
  check_val_every_n_epoch: 1
  fast_dev_run: false
  num_sanity_val_steps: 2
  gradient_clip_val: 0.5
  enable_checkpointing: true
  checkpoint_frequency: 100
  max_epochs: 101
  torch_compile: false
  ckpt_path: null
base_dir: ./output/hydra
exp_name: amber_pipeline_feature_only
_version: 1
idx: ambpm200
seed: 1
experiment_protocol:
  method_id: M2
  analysis_id: M2
  method_role: core
  protocol_id: formal-mold7000-v3
  formal_run: true
  run_test_after_fit: false
  evaluation_prediction_variants:
  - final
  budget_close_relative_tolerance: 0.18
  budget_valid_min_ratio: 0.8
  budget_valid_max_ratio: 1.5714285714285714
  require_seed_matched_m1_checkpoint: true
  evaluation_checkpoint: last.ckpt
  training_budget_epochs: 101
  require_clean_repositories: true
  m1_checkpoint_search_root: output/hydra/training

Seed set to 1
example_graph.x.shape:torch.Size([172, 4])
example_graph.edge_attr.shape:torch.Size([1806, 2])
embeding_config:None
in_node_features:4
in_edge_features:2
No embedding config 没没有有输输入入嵌嵌入入层层配配置置
No embedding config 没没有有输输入入嵌嵌入入层层配配置置
{
  "experiment_information_flow": {
    "method_id": "M2",
    "analysis_id": "M2",
    "method_role": "core",
    "oracle_only": false,
    "protocol_id": "formal-mold7000-v3",
    "formal_run": true,
    "run_test_after_fit": false,
    "evaluation_prediction_variants": [
      "final"
    ],
    "budget_close_relative_tolerance": 0.18,
    "budget_valid_min_ratio": 0.8,
    "budget_valid_max_ratio": 1.5714285714285714,
    "weighted_enabled": true,
    "weighted_source": "pipeline_indicator",
    "weighted_mode": "linear",
    "correction_enabled": true,
    "physics_feature_source": "stage_field_fusion",
    "stage_projection_target": "learner_mesh",
    "gate_max": 0.0,
    "checkpoint_init_path": "D:\\SITP\\tet_work\\amber\\output\\formal_experiments\\formal-mold7000-v3\\M1\\seed_01\\che
ckpoints\\last.ckpt",
    "checkpoint_init_validated": true,
    "inference_steps": 3,
    "training_budget_epochs": 101,
    "evaluation_checkpoint": "last.ckpt",
    "dataset_fingerprint_sha256": "26f333eb00e4818225f98ad27a77cf0eea802903ff4be3af78d094bf0f085c7c",
    "code_versions": {
      "amber": {
        "root": "D:\\SITP\\tet_work\\amber",
        "commit": "b74c803b6832d100e3d0cba09d049a65197c1310",
        "branch": "with_pipeline",
        "dirty": false,
        "status_porcelain": []
      },
      "dataest-pipeline": {
        "root": "D:\\SITP\\tet_work\\dataest-pipeline",
        "commit": "fc11801a248156442a6635e85104ef05da9a53fc",
        "branch": "main",
        "dirty": false,
        "status_porcelain": []
      }
    },
    "retained_split_sizes": {
      "train": 182,
      "val": 34,
      "test": 42
    }
  }
}
D:\SITP\tet_work\amber\output\formal_experiments\formal-mold7000-v3\M2\seed_01
Using 16bit Automatic Mixed Precision (AMP)
GPU available: True (cuda), used: True
TPU available: False, using: 0 TPU cores
HPU available: False, using: 0 HPUs
LOCAL_RANK: 0 - CUDA_VISIBLE_DEVICES: [0]
Sanity Checking: |                                                                               | 0/? [00:00<?, ?it/s]D
:\anaconda3\envs\AMBER_neurips\Lib\site-packages\lightning\pytorch\utilities\_pytree.py:21: `isinstance(treespec, LeafSp
ec)` is deprecated, use `isinstance(treespec, TreeSpec) and treespec.is_leaf()` instead.
Initial Metrics: 100%|█████████████████████████████████████████████████████████████████| 34/34 [00:26<00:00,  1.30it/s]
Epoch 100: 100%|█████████████████████████████████████████| 128/128 [05:33<00:00,  0.38it/s, loss=0.000, dataset_size=0]`
Trainer.fit` stopped: `max_epochs=101` reached.
Epoch 100: 100%|█████████████████████████████████████████| 128/128 [05:35<00:00,  0.38it/s, loss=0.000, dataset_size=0]
D:\anaconda3\envs\AMBER_neurips\python.exe D:\SITP\tet_work\amber\main.py +_runs/amber=amber_pipeline_feature_only task.
pipeline_output_root=D:/SITP/tet_work/dataest-pipeline/output/condition_aware_dataset_generation/default_fix_budget_run
task.geometry_source_root=D:/SITP/tet_work/dataest-pipeline/data/mold seed=2 hydra.run.dir=D:/SITP/tet_work/amber/output
/formal_experiments/formal-mold7000-v3/M2/seed_02 logger.wandb.enabled=false algorithm.init_from_weighted_baseline_check
point=D:/SITP/tet_work/amber/output/formal_experiments/formal-mold7000-v3/M1/seed_02/checkpoints/last.ckpt
task:
  features:
    vertex:
      x_position: false
      y_position: false
      z_position: false
      degree: true
      sizing_field: true
      log_sizing_field: false
      is_boundary: false
      boundary_degree: false
      x_position_norm: false
      y_position_norm: false
      z_position_norm: false
      normal_x: false
      normal_y: false
      normal_z: false
      normal_var_mean: false
      normal_var_max: false
      mean_curvature: false
      gaussian_curvature: false
    element:
      x_position: false
      y_position: false
      z_position: false
      sizing_field: true
    pixel:
      x_position: false
      y_position: false
      z_position: false
      sizing_field: true
    edge:
      distance_vector: false
      euclidean_distance: true
      edge_curvature: true
      boundary_edge_flag: false
      edge_length_over_sqrt_hihj: false
      delta_log_sizing_field: false
      dihedral_angle: false
      sharp_edge_flag: false
    add_self_edges: true
  name: pipeline_condition_aware
  max_initial_element_volume: 0.0
  sizing_field_interpolation_type: sampled_vertex
  dataset_preparator: pipeline_condition_aware
  pipeline_output_root: D:/SITP/tet_work/dataest-pipeline/output/condition_aware_dataset_generation/default_fix_budget_r
un
  geometry_source_root: D:/SITP/tet_work/dataest-pipeline/data/mold
  manifest_name: sample_manifest
  evaluation_reference_manifest_name: evaluation_reference_manifest
  require_evaluation_reference: false
  evaluation_reference_required_splits:
  - test
  dataset_fingerprint_path: manifests/dataset_fingerprint_formal-mold7000-v3.json
  path_relocation:
    enabled: true
    old_root: D:/SITP/tet_work/dataest-pipeline
    new_root: ../dataest-pipeline
  input_mesh_mode: initial_mesh
  target_mode: final_target_mesh
  split_source: sample_manifest
  required_splits:
  - train
  - val
  - test
  empty_split_policy: fail
  allowed_statuses:
  - success_budget_closed
  - success_near_desired_budget
  budget_filter: null
  require_single_budget: true
  pde_family_filter: null
  geometry_id_filter: null
  condition_id_filter: null
  sample_id_filter: null
  one_condition_per_geometry: false
  condition_spec_mode: metadata_only
  physics_weight_source: pipeline_indicator
  physics_feature_source: stage_field_fusion
  require_indicator: true
  quality_filter:
    enabled: true
    report_relative_path: reports/smoke_report.json
    allowed_verdicts:
    - PASS_STRONG
    - PASS_WEAK
    missing_report_policy: fail
    missing_sample_policy: fail
  stage_field:
    mode: single_field
    projection: idw
    projection_target: learner_mesh
    idw_k: 4
    idw_epsilon: 1.0e-12
    fail_on_missing: true
    normalize: robust_minmax
    robust_lower_quantile: 0.05
    robust_upper_quantile: 0.95
    single_field:
      name: s_pde_raw
      direction: high_is_important
      transform: log1p
      normalize: robust_minmax
    fusion:
      combine: weighted_mean
      renormalize: true
      fields:
      - name: s_pde_raw
        direction: high_is_important
        transform: log1p
        normalize: robust_minmax
        weight: 1.0
  mesh_cell_type: tetra
  cell_type_policy: filter_tetra_then_fail_if_empty
  min_initial_elements: null
  max_initial_elements: null
  min_target_elements: 1
  max_target_elements: null
  over_limit_policy: skip
algorithm:
  architecture:
    decoder:
      activation_function: leakyrelu
      num_layers: 2
      regularization:
        dropout: 0
        spectral_norm: false
        latent_normalization: null
    latent_dimension: 64
    name: mpn
    create_graph_copy: true
    assert_graph_shapes: false
    edge_dropout: 0.1
    stack:
      layer_norm: inner
      num_steps: 20
      residual_connections: inner
      mlp:
        activation_function: leakyrelu
        num_layers: 2
        add_output_layer: false
        regularization:
          dropout: 0
          spectral_norm: false
          latent_normalization: null
  dataloader:
    steps_per_epoch: 128
    accumulate_grad_batches: 1
    batch_size: 300000
    max_size: 500
    add_strategy: stratified
    max_mesh_depth: auto
    new_samples_per_epoch: 8
    priority_alpha: 0.6
    priority_epsilon: 0.01
    curriculum_warmup_ratio: 0.3
    quality_gate_enabled: true
    min_error_threshold: 0.01
    priority_refresh_interval: 5
  optimizer:
    name: adam
    lr: 0.001
    weight_decay: 1.0e-06
    scheduler: linear_warmup_decay
  normalizer:
    normalize_inputs: 1
    normalize_predictions: 1
    input_clip: 20
  mesh_metrics:
    element_delta: true
    tetra_quality: true
    projected_l2_error: true
    physics_weighted_projected_l2_error: true
    weighted_size_l2: true
    topk_high_importance_l2: true
    bucketed_error: true
    pointcloud:
      midpoint:
      - cd
      - dcd
      vertex:
      - cd
      - dcd
  name: amber
  prediction_transform:
    inverse_transform_in_loss: true
    predict_residual: true
    name: softplus
  sizing_field_interpolation_type: sampled_vertex
  max_mesh_elements: auto
  force_mesh_generation: true
  gmsh:
    min_sizing_field: x1.25
    max_sizing_field: x1.25
  evaluation_frequency: 5
  enable_physics_correction_branch: true
  physics_feature_mode: normalized_importance
  lambda_expert_aux: 0.0
  lambda_corr_aux: 0.0
  lambda_corr_reg: 0.0
  gate_activation: sigmoid
  gate_max: 0.0
  gate_init_bias: -2.5
  physics_readout_init_std: 0.001
  correction_warmup_epochs: 3
  init_from_weighted_baseline_checkpoint: D:/SITP/tet_work/amber/output/formal_experiments/formal-mold7000-v3/M1/seed_02
/checkpoints/last.ckpt
  inference_missing_physics_fallback: gate_zero
  weighted_imitation:
    enabled: true
    metric_use_physics_weights: true
    datasets:
    - pipeline_condition_aware
    weight_source_mode: pipeline_indicator
    reference_physics_type: linear_elasticity
    importance_metric: strain_energy_density
    cache_dir: ./data/weighted_imitation
    auto_prepare: false
    overwrite_cache: false
    young_modulus: 1.0
    poisson_ratio: 0.3
    console_support_quantile: 0.08
    console_load_quantile: 0.92
    console_min_region_faces: 8
    console_load_type: surface_traction
    console_surface_traction_magnitude: 1.0
    console_body_force_magnitude: 1.0
    mold_inlet_radius_scale: 0.08
    mold_far_region_quantile: 0.92
    mold_min_region_faces: 8
    mold_pressure_magnitude: 1.0
    weight_mode: linear
    beta: 1.0
    gamma: 2.0
    lambda_high: 4.0
    lambda_mid: 2.0
    topk_percent: 0.2
    ternary_low_quantile: 0.5
    ternary_high_quantile: 0.8
    bucket_count: 5
    epsilon: 1.0e-08
    normalization_lower_quantile: 0.05
    normalization_upper_quantile: 0.95
    clip_min: 1.0
    clip_max: 10.0
    weight_clip_min: 1.0
    weight_clip_max: 10.0
    solver_regularization_epsilon: 1.0e-10
    stage2_enable: false
    stage2_epochs: 20
    stage2_resume_mode: true
    stage2_weight_mode: binary_topk
    stage2_topk_percent: 0.2
    stage2_high_importance_only: true
    stage2_high_importance_emphasis: 1.0
    stage2_low_weight: 1.0e-08
    stage2_beta: 1.0
    stage2_gamma: 3.0
    stage2_lambda_mid: 2.0
    stage2_lambda_high: 8.0
    stage2_ternary_low_quantile: 0.5
    stage2_ternary_high_quantile: 0.8
    fallback_to_ones: false
  plotting:
    sample_idxs:
    - 0
    - 1
    frequency: 200
    initial_epoch: false
  loss_type: mse
  initial_mesh_handling: topology_only
  inference_steps: 3
  sizing_field_damping:
    last_step_damping: 1.0
    damping_factor: 0.618
logger:
  wandb:
    enabled: false
    entity: null
    project_name: AMBER
    group_name: amber_pipeline_feature_only
    task_name: pipeline_condition_aware
    run_name: seed_2
    job_type: +_run=amber_pipeline_feature_only,ini_fro_wei_bas_che=D:/SITP/tet_work/amber/output/formal_experiments/for
mal-mold7000-v3/M1/seed_02/checkpoints/last.ckpt,ena=false,geo_sou_roo=D:/SITP/tet_work/dataest-pipeline/data/mold,pip_o
ut_roo=D:/SITP/tet_work/dataest-pipeline/output/condition_aware_dataset_generation/default_fix_budget_run
    tags:
    - pipeline_condition_aware
    - amber
    - neurips_dev
    use_env_wandb_dir: true
    start_method: thread
trainer:
  accelerator: gpu
  precision: 16-mixed
  matmul_precision: high
  devices: 1
  accumulate_grad_batches: 1
  check_val_every_n_epoch: 1
  fast_dev_run: false
  num_sanity_val_steps: 2
  gradient_clip_val: 0.5
  enable_checkpointing: true
  checkpoint_frequency: 100
  max_epochs: 101
  torch_compile: false
  ckpt_path: null
base_dir: ./output/hydra
exp_name: amber_pipeline_feature_only
_version: 1
idx: ambpm200
seed: 2
experiment_protocol:
  method_id: M2
  analysis_id: M2
  method_role: core
  protocol_id: formal-mold7000-v3
  formal_run: true
  run_test_after_fit: false
  evaluation_prediction_variants:
  - final
  budget_close_relative_tolerance: 0.18
  budget_valid_min_ratio: 0.8
  budget_valid_max_ratio: 1.5714285714285714
  require_seed_matched_m1_checkpoint: true
  evaluation_checkpoint: last.ckpt
  training_budget_epochs: 101
  require_clean_repositories: true
  m1_checkpoint_search_root: output/hydra/training

Seed set to 2
example_graph.x.shape:torch.Size([172, 4])
example_graph.edge_attr.shape:torch.Size([1806, 2])
embeding_config:None
in_node_features:4
in_edge_features:2
No embedding config 没没有有输输入入嵌嵌入入层层配配置置
No embedding config 没没有有输输入入嵌嵌入入层层配配置置
{
  "experiment_information_flow": {
    "method_id": "M2",
    "analysis_id": "M2",
    "method_role": "core",
    "oracle_only": false,
    "protocol_id": "formal-mold7000-v3",
    "formal_run": true,
    "run_test_after_fit": false,
    "evaluation_prediction_variants": [
      "final"
    ],
    "budget_close_relative_tolerance": 0.18,
    "budget_valid_min_ratio": 0.8,
    "budget_valid_max_ratio": 1.5714285714285714,
    "weighted_enabled": true,
    "weighted_source": "pipeline_indicator",
    "weighted_mode": "linear",
    "correction_enabled": true,
    "physics_feature_source": "stage_field_fusion",
    "stage_projection_target": "learner_mesh",
    "gate_max": 0.0,
    "checkpoint_init_path": "D:\\SITP\\tet_work\\amber\\output\\formal_experiments\\formal-mold7000-v3\\M1\\seed_02\\che
ckpoints\\last.ckpt",
    "checkpoint_init_validated": true,
    "inference_steps": 3,
    "training_budget_epochs": 101,
    "evaluation_checkpoint": "last.ckpt",
    "dataset_fingerprint_sha256": "26f333eb00e4818225f98ad27a77cf0eea802903ff4be3af78d094bf0f085c7c",
    "code_versions": {
      "amber": {
        "root": "D:\\SITP\\tet_work\\amber",
        "commit": "b74c803b6832d100e3d0cba09d049a65197c1310",
        "branch": "with_pipeline",
        "dirty": false,
        "status_porcelain": []
      },
      "dataest-pipeline": {
        "root": "D:\\SITP\\tet_work\\dataest-pipeline",
        "commit": "fc11801a248156442a6635e85104ef05da9a53fc",
        "branch": "main",
        "dirty": false,
        "status_porcelain": []
      }
    },
    "retained_split_sizes": {
      "train": 182,
      "val": 34,
      "test": 42
    }
  }
}
D:\SITP\tet_work\amber\output\formal_experiments\formal-mold7000-v3\M2\seed_02
Using 16bit Automatic Mixed Precision (AMP)
GPU available: True (cuda), used: True
TPU available: False, using: 0 TPU cores
HPU available: False, using: 0 HPUs
LOCAL_RANK: 0 - CUDA_VISIBLE_DEVICES: [0]
Sanity Checking: |                                                                               | 0/? [00:00<?, ?it/s]D
:\anaconda3\envs\AMBER_neurips\Lib\site-packages\lightning\pytorch\utilities\_pytree.py:21: `isinstance(treespec, LeafSp
ec)` is deprecated, use `isinstance(treespec, TreeSpec) and treespec.is_leaf()` instead.
Initial Metrics: 100%|█████████████████████████████████████████████████████████████████| 34/34 [00:26<00:00,  1.29it/s]
Epoch 0: 100%|███████████████████████████████████████████| 128/128 [00:37<00:00,  3.44it/s, loss=0.000, dataset_size=0]A
n exception occurred: Invalid boundary mesh (overlapping facets) on surface 11 surface 11
Epoch 100: 100%|█████████████████████████████████████████| 128/128 [05:16<00:00,  0.41it/s, loss=0.000, dataset_size=0]`
Trainer.fit` stopped: `max_epochs=101` reached.
Epoch 100: 100%|█████████████████████████████████████████| 128/128 [05:17<00:00,  0.40it/s, loss=0.000, dataset_size=0]
D:\anaconda3\envs\AMBER_neurips\python.exe D:\SITP\tet_work\amber\main.py +_runs/amber=amber_pipeline_physics_correction
_stage_field task.pipeline_output_root=D:/SITP/tet_work/dataest-pipeline/output/condition_aware_dataset_generation/defau
lt_fix_budget_run task.geometry_source_root=D:/SITP/tet_work/dataest-pipeline/data/mold seed=0 hydra.run.dir=D:/SITP/tet
_work/amber/output/formal_experiments/formal-mold7000-v3/M4/seed_00 logger.wandb.enabled=false algorithm.init_from_weigh
ted_baseline_checkpoint=D:/SITP/tet_work/amber/output/formal_experiments/formal-mold7000-v3/M1/seed_00/checkpoints/last.
ckpt
task:
  features:
    vertex:
      x_position: false
      y_position: false
      z_position: false
      degree: true
      sizing_field: true
      log_sizing_field: false
      is_boundary: false
      boundary_degree: false
      x_position_norm: false
      y_position_norm: false
      z_position_norm: false
      normal_x: false
      normal_y: false
      normal_z: false
      normal_var_mean: false
      normal_var_max: false
      mean_curvature: false
      gaussian_curvature: false
    element:
      x_position: false
      y_position: false
      z_position: false
      sizing_field: true
    pixel:
      x_position: false
      y_position: false
      z_position: false
      sizing_field: true
    edge:
      distance_vector: false
      euclidean_distance: true
      edge_curvature: true
      boundary_edge_flag: false
      edge_length_over_sqrt_hihj: false
      delta_log_sizing_field: false
      dihedral_angle: false
      sharp_edge_flag: false
    add_self_edges: true
  name: pipeline_condition_aware
  max_initial_element_volume: 0.0
  sizing_field_interpolation_type: sampled_vertex
  dataset_preparator: pipeline_condition_aware
  pipeline_output_root: D:/SITP/tet_work/dataest-pipeline/output/condition_aware_dataset_generation/default_fix_budget_r
un
  geometry_source_root: D:/SITP/tet_work/dataest-pipeline/data/mold
  manifest_name: sample_manifest
  evaluation_reference_manifest_name: evaluation_reference_manifest
  require_evaluation_reference: false
  evaluation_reference_required_splits:
  - test
  dataset_fingerprint_path: manifests/dataset_fingerprint_formal-mold7000-v3.json
  path_relocation:
    enabled: true
    old_root: D:/SITP/tet_work/dataest-pipeline
    new_root: ../dataest-pipeline
  input_mesh_mode: initial_mesh
  target_mode: final_target_mesh
  split_source: sample_manifest
  required_splits:
  - train
  - val
  - test
  empty_split_policy: fail
  allowed_statuses:
  - success_budget_closed
  - success_near_desired_budget
  budget_filter: null
  require_single_budget: true
  pde_family_filter: null
  geometry_id_filter: null
  condition_id_filter: null
  sample_id_filter: null
  one_condition_per_geometry: false
  condition_spec_mode: metadata_only
  physics_weight_source: pipeline_indicator
  physics_feature_source: stage_field_fusion
  require_indicator: true
  quality_filter:
    enabled: true
    report_relative_path: reports/smoke_report.json
    allowed_verdicts:
    - PASS_STRONG
    - PASS_WEAK
    missing_report_policy: fail
    missing_sample_policy: fail
  stage_field:
    mode: single_field
    projection: idw
    projection_target: learner_mesh
    idw_k: 4
    idw_epsilon: 1.0e-12
    fail_on_missing: true
    normalize: robust_minmax
    robust_lower_quantile: 0.05
    robust_upper_quantile: 0.95
    single_field:
      name: s_pde_raw
      direction: high_is_important
      transform: log1p
      normalize: robust_minmax
    fusion:
      combine: weighted_mean
      renormalize: true
      fields:
      - name: s_pde_raw
        direction: high_is_important
        transform: log1p
        normalize: robust_minmax
        weight: 1.0
  mesh_cell_type: tetra
  cell_type_policy: filter_tetra_then_fail_if_empty
  min_initial_elements: null
  max_initial_elements: null
  min_target_elements: 1
  max_target_elements: null
  over_limit_policy: skip
algorithm:
  architecture:
    decoder:
      activation_function: leakyrelu
      num_layers: 2
      regularization:
        dropout: 0
        spectral_norm: false
        latent_normalization: null
    latent_dimension: 64
    name: mpn
    create_graph_copy: true
    assert_graph_shapes: false
    edge_dropout: 0.1
    stack:
      layer_norm: inner
      num_steps: 20
      residual_connections: inner
      mlp:
        activation_function: leakyrelu
        num_layers: 2
        add_output_layer: false
        regularization:
          dropout: 0
          spectral_norm: false
          latent_normalization: null
  dataloader:
    steps_per_epoch: 128
    accumulate_grad_batches: 1
    batch_size: 300000
    max_size: 500
    add_strategy: stratified
    max_mesh_depth: auto
    new_samples_per_epoch: 8
    priority_alpha: 0.6
    priority_epsilon: 0.01
    curriculum_warmup_ratio: 0.3
    quality_gate_enabled: true
    min_error_threshold: 0.01
    priority_refresh_interval: 5
  optimizer:
    name: adam
    lr: 0.001
    weight_decay: 1.0e-06
    scheduler: linear_warmup_decay
  normalizer:
    normalize_inputs: 1
    normalize_predictions: 1
    input_clip: 20
  mesh_metrics:
    element_delta: true
    tetra_quality: true
    projected_l2_error: true
    physics_weighted_projected_l2_error: true
    weighted_size_l2: true
    topk_high_importance_l2: true
    bucketed_error: true
    pointcloud:
      midpoint:
      - cd
      - dcd
      vertex:
      - cd
      - dcd
  name: amber
  prediction_transform:
    inverse_transform_in_loss: true
    predict_residual: true
    name: softplus
  sizing_field_interpolation_type: sampled_vertex
  max_mesh_elements: auto
  force_mesh_generation: true
  gmsh:
    min_sizing_field: x1.25
    max_sizing_field: x1.25
  evaluation_frequency: 5
  enable_physics_correction_branch: true
  physics_feature_mode: normalized_importance
  lambda_expert_aux: 0.1
  lambda_corr_aux: 0.5
  lambda_corr_reg: 0.0001
  gate_activation: sigmoid
  gate_max: 1.0
  gate_init_bias: -2.5
  physics_readout_init_std: 0.001
  correction_warmup_epochs: 3
  init_from_weighted_baseline_checkpoint: D:/SITP/tet_work/amber/output/formal_experiments/formal-mold7000-v3/M1/seed_00
/checkpoints/last.ckpt
  inference_missing_physics_fallback: gate_zero
  weighted_imitation:
    enabled: true
    metric_use_physics_weights: true
    datasets:
    - pipeline_condition_aware
    weight_source_mode: pipeline_indicator
    reference_physics_type: linear_elasticity
    importance_metric: strain_energy_density
    cache_dir: ./data/weighted_imitation
    auto_prepare: false
    overwrite_cache: false
    young_modulus: 1.0
    poisson_ratio: 0.3
    console_support_quantile: 0.08
    console_load_quantile: 0.92
    console_min_region_faces: 8
    console_load_type: surface_traction
    console_surface_traction_magnitude: 1.0
    console_body_force_magnitude: 1.0
    mold_inlet_radius_scale: 0.08
    mold_far_region_quantile: 0.92
    mold_min_region_faces: 8
    mold_pressure_magnitude: 1.0
    weight_mode: linear
    beta: 1.0
    gamma: 2.0
    lambda_high: 4.0
    lambda_mid: 2.0
    topk_percent: 0.2
    ternary_low_quantile: 0.5
    ternary_high_quantile: 0.8
    bucket_count: 5
    epsilon: 1.0e-08
    normalization_lower_quantile: 0.05
    normalization_upper_quantile: 0.95
    clip_min: 1.0
    clip_max: 10.0
    weight_clip_min: 1.0
    weight_clip_max: 10.0
    solver_regularization_epsilon: 1.0e-10
    stage2_enable: false
    stage2_epochs: 20
    stage2_resume_mode: true
    stage2_weight_mode: binary_topk
    stage2_topk_percent: 0.2
    stage2_high_importance_only: true
    stage2_high_importance_emphasis: 1.0
    stage2_low_weight: 1.0e-08
    stage2_beta: 1.0
    stage2_gamma: 3.0
    stage2_lambda_mid: 2.0
    stage2_lambda_high: 8.0
    stage2_ternary_low_quantile: 0.5
    stage2_ternary_high_quantile: 0.8
    fallback_to_ones: false
  plotting:
    sample_idxs:
    - 0
    - 1
    frequency: 200
    initial_epoch: false
  loss_type: mse
  initial_mesh_handling: topology_only
  inference_steps: 3
  sizing_field_damping:
    last_step_damping: 1.0
    damping_factor: 0.618
logger:
  wandb:
    enabled: false
    entity: null
    project_name: AMBER
    group_name: amber_pipeline_physics_correction_stage_field
    task_name: pipeline_condition_aware
    run_name: seed_0
    job_type: +_run=amber_pipeline_physics_correction_stage_field,ini_fro_wei_bas_che=D:/SITP/tet_work/amber/output/form
al_experiments/formal-mold7000-v3/M1/seed_00/checkpoints/last.ckpt,ena=false,geo_sou_roo=D:/SITP/tet_work/dataest-pipeli
ne/data/mold,pip_out_roo=D:/SITP/tet_work/dataest-pipeline/output/condition_aware_dataset_generation/default_fix_budget_
run
    tags:
    - pipeline_condition_aware
    - amber
    - neurips_dev
    use_env_wandb_dir: true
    start_method: thread
trainer:
  accelerator: gpu
  precision: 16-mixed
  matmul_precision: high
  devices: 1
  accumulate_grad_batches: 1
  check_val_every_n_epoch: 1
  fast_dev_run: false
  num_sanity_val_steps: 2
  gradient_clip_val: 0.5
  enable_checkpointing: true
  checkpoint_frequency: 100
  max_epochs: 101
  torch_compile: false
  ckpt_path: null
base_dir: ./output/hydra
exp_name: amber_pipeline_physics_correction_stage_field
_version: 1
idx: ambppcsf100
seed: 0
experiment_protocol:
  method_id: M4
  analysis_id: M4
  method_role: core
  protocol_id: formal-mold7000-v3
  formal_run: true
  run_test_after_fit: false
  evaluation_prediction_variants:
  - final
  - expert_only
  budget_close_relative_tolerance: 0.18
  budget_valid_min_ratio: 0.8
  budget_valid_max_ratio: 1.5714285714285714
  require_seed_matched_m1_checkpoint: true
  evaluation_checkpoint: last.ckpt
  training_budget_epochs: 101
  require_clean_repositories: true
  m1_checkpoint_search_root: output/hydra/training

Seed set to 0
example_graph.x.shape:torch.Size([172, 4])
example_graph.edge_attr.shape:torch.Size([1806, 2])
embeding_config:None
in_node_features:4
in_edge_features:2
No embedding config 没没有有输输入入嵌嵌入入层层配配置置
No embedding config 没没有有输输入入嵌嵌入入层层配配置置
{
  "experiment_information_flow": {
    "method_id": "M4",
    "analysis_id": "M4",
    "method_role": "core",
    "oracle_only": false,
    "protocol_id": "formal-mold7000-v3",
    "formal_run": true,
    "run_test_after_fit": false,
    "evaluation_prediction_variants": [
      "final",
      "expert_only"
    ],
    "budget_close_relative_tolerance": 0.18,
    "budget_valid_min_ratio": 0.8,
    "budget_valid_max_ratio": 1.5714285714285714,
    "weighted_enabled": true,
    "weighted_source": "pipeline_indicator",
    "weighted_mode": "linear",
    "correction_enabled": true,
    "physics_feature_source": "stage_field_fusion",
    "stage_projection_target": "learner_mesh",
    "gate_max": 1.0,
    "checkpoint_init_path": "D:\\SITP\\tet_work\\amber\\output\\formal_experiments\\formal-mold7000-v3\\M1\\seed_00\\che
ckpoints\\last.ckpt",
    "checkpoint_init_validated": true,
    "inference_steps": 3,
    "training_budget_epochs": 101,
    "evaluation_checkpoint": "last.ckpt",
    "dataset_fingerprint_sha256": "26f333eb00e4818225f98ad27a77cf0eea802903ff4be3af78d094bf0f085c7c",
    "code_versions": {
      "amber": {
        "root": "D:\\SITP\\tet_work\\amber",
        "commit": "b74c803b6832d100e3d0cba09d049a65197c1310",
        "branch": "with_pipeline",
        "dirty": false,
        "status_porcelain": []
      },
      "dataest-pipeline": {
        "root": "D:\\SITP\\tet_work\\dataest-pipeline",
        "commit": "fc11801a248156442a6635e85104ef05da9a53fc",
        "branch": "main",
        "dirty": false,
        "status_porcelain": []
      }
    },
    "retained_split_sizes": {
      "train": 182,
      "val": 34,
      "test": 42
    }
  }
}
D:\SITP\tet_work\amber\output\formal_experiments\formal-mold7000-v3\M4\seed_00
Using 16bit Automatic Mixed Precision (AMP)
GPU available: True (cuda), used: True
TPU available: False, using: 0 TPU cores
HPU available: False, using: 0 HPUs
LOCAL_RANK: 0 - CUDA_VISIBLE_DEVICES: [0]
Sanity Checking: |                                                                               | 0/? [00:00<?, ?it/s]D
:\anaconda3\envs\AMBER_neurips\Lib\site-packages\lightning\pytorch\utilities\_pytree.py:21: `isinstance(treespec, LeafSp
ec)` is deprecated, use `isinstance(treespec, TreeSpec) and treespec.is_leaf()` instead.
Initial Metrics: 100%|█████████████████████████████████████████████████████████████████| 34/34 [00:26<00:00,  1.29it/s]
Epoch 30: 100%|██████████████████████████████████████████| 128/128 [04:51<00:00,  0.44it/s, loss=0.000, dataset_size=0]A
n exception occurred: Invalid boundary mesh (overlapping facets) on surface 10 surface 10
Epoch 100: 100%|█████████████████████████████████████████| 128/128 [05:42<00:00,  0.37it/s, loss=0.000, dataset_size=0]`
Trainer.fit` stopped: `max_epochs=101` reached.
Epoch 100: 100%|█████████████████████████████████████████| 128/128 [05:45<00:00,  0.37it/s, loss=0.000, dataset_size=0]
D:\anaconda3\envs\AMBER_neurips\python.exe D:\SITP\tet_work\amber\main.py +_runs/amber=amber_pipeline_physics_correction
_stage_field task.pipeline_output_root=D:/SITP/tet_work/dataest-pipeline/output/condition_aware_dataset_generation/defau
lt_fix_budget_run task.geometry_source_root=D:/SITP/tet_work/dataest-pipeline/data/mold seed=1 hydra.run.dir=D:/SITP/tet
_work/amber/output/formal_experiments/formal-mold7000-v3/M4/seed_01 logger.wandb.enabled=false algorithm.init_from_weigh
ted_baseline_checkpoint=D:/SITP/tet_work/amber/output/formal_experiments/formal-mold7000-v3/M1/seed_01/checkpoints/last.
ckpt
task:
  features:
    vertex:
      x_position: false
      y_position: false
      z_position: false
      degree: true
      sizing_field: true
      log_sizing_field: false
      is_boundary: false
      boundary_degree: false
      x_position_norm: false
      y_position_norm: false
      z_position_norm: false
      normal_x: false
      normal_y: false
      normal_z: false
      normal_var_mean: false
      normal_var_max: false
      mean_curvature: false
      gaussian_curvature: false
    element:
      x_position: false
      y_position: false
      z_position: false
      sizing_field: true
    pixel:
      x_position: false
      y_position: false
      z_position: false
      sizing_field: true
    edge:
      distance_vector: false
      euclidean_distance: true
      edge_curvature: true
      boundary_edge_flag: false
      edge_length_over_sqrt_hihj: false
      delta_log_sizing_field: false
      dihedral_angle: false
      sharp_edge_flag: false
    add_self_edges: true
  name: pipeline_condition_aware
  max_initial_element_volume: 0.0
  sizing_field_interpolation_type: sampled_vertex
  dataset_preparator: pipeline_condition_aware
  pipeline_output_root: D:/SITP/tet_work/dataest-pipeline/output/condition_aware_dataset_generation/default_fix_budget_r
un
  geometry_source_root: D:/SITP/tet_work/dataest-pipeline/data/mold
  manifest_name: sample_manifest
  evaluation_reference_manifest_name: evaluation_reference_manifest
  require_evaluation_reference: false
  evaluation_reference_required_splits:
  - test
  dataset_fingerprint_path: manifests/dataset_fingerprint_formal-mold7000-v3.json
  path_relocation:
    enabled: true
    old_root: D:/SITP/tet_work/dataest-pipeline
    new_root: ../dataest-pipeline
  input_mesh_mode: initial_mesh
  target_mode: final_target_mesh
  split_source: sample_manifest
  required_splits:
  - train
  - val
  - test
  empty_split_policy: fail
  allowed_statuses:
  - success_budget_closed
  - success_near_desired_budget
  budget_filter: null
  require_single_budget: true
  pde_family_filter: null
  geometry_id_filter: null
  condition_id_filter: null
  sample_id_filter: null
  one_condition_per_geometry: false
  condition_spec_mode: metadata_only
  physics_weight_source: pipeline_indicator
  physics_feature_source: stage_field_fusion
  require_indicator: true
  quality_filter:
    enabled: true
    report_relative_path: reports/smoke_report.json
    allowed_verdicts:
    - PASS_STRONG
    - PASS_WEAK
    missing_report_policy: fail
    missing_sample_policy: fail
  stage_field:
    mode: single_field
    projection: idw
    projection_target: learner_mesh
    idw_k: 4
    idw_epsilon: 1.0e-12
    fail_on_missing: true
    normalize: robust_minmax
    robust_lower_quantile: 0.05
    robust_upper_quantile: 0.95
    single_field:
      name: s_pde_raw
      direction: high_is_important
      transform: log1p
      normalize: robust_minmax
    fusion:
      combine: weighted_mean
      renormalize: true
      fields:
      - name: s_pde_raw
        direction: high_is_important
        transform: log1p
        normalize: robust_minmax
        weight: 1.0
  mesh_cell_type: tetra
  cell_type_policy: filter_tetra_then_fail_if_empty
  min_initial_elements: null
  max_initial_elements: null
  min_target_elements: 1
  max_target_elements: null
  over_limit_policy: skip
algorithm:
  architecture:
    decoder:
      activation_function: leakyrelu
      num_layers: 2
      regularization:
        dropout: 0
        spectral_norm: false
        latent_normalization: null
    latent_dimension: 64
    name: mpn
    create_graph_copy: true
    assert_graph_shapes: false
    edge_dropout: 0.1
    stack:
      layer_norm: inner
      num_steps: 20
      residual_connections: inner
      mlp:
        activation_function: leakyrelu
        num_layers: 2
        add_output_layer: false
        regularization:
          dropout: 0
          spectral_norm: false
          latent_normalization: null
  dataloader:
    steps_per_epoch: 128
    accumulate_grad_batches: 1
    batch_size: 300000
    max_size: 500
    add_strategy: stratified
    max_mesh_depth: auto
    new_samples_per_epoch: 8
    priority_alpha: 0.6
    priority_epsilon: 0.01
    curriculum_warmup_ratio: 0.3
    quality_gate_enabled: true
    min_error_threshold: 0.01
    priority_refresh_interval: 5
  optimizer:
    name: adam
    lr: 0.001
    weight_decay: 1.0e-06
    scheduler: linear_warmup_decay
  normalizer:
    normalize_inputs: 1
    normalize_predictions: 1
    input_clip: 20
  mesh_metrics:
    element_delta: true
    tetra_quality: true
    projected_l2_error: true
    physics_weighted_projected_l2_error: true
    weighted_size_l2: true
    topk_high_importance_l2: true
    bucketed_error: true
    pointcloud:
      midpoint:
      - cd
      - dcd
      vertex:
      - cd
      - dcd
  name: amber
  prediction_transform:
    inverse_transform_in_loss: true
    predict_residual: true
    name: softplus
  sizing_field_interpolation_type: sampled_vertex
  max_mesh_elements: auto
  force_mesh_generation: true
  gmsh:
    min_sizing_field: x1.25
    max_sizing_field: x1.25
  evaluation_frequency: 5
  enable_physics_correction_branch: true
  physics_feature_mode: normalized_importance
  lambda_expert_aux: 0.1
  lambda_corr_aux: 0.5
  lambda_corr_reg: 0.0001
  gate_activation: sigmoid
  gate_max: 1.0
  gate_init_bias: -2.5
  physics_readout_init_std: 0.001
  correction_warmup_epochs: 3
  init_from_weighted_baseline_checkpoint: D:/SITP/tet_work/amber/output/formal_experiments/formal-mold7000-v3/M1/seed_01
/checkpoints/last.ckpt
  inference_missing_physics_fallback: gate_zero
  weighted_imitation:
    enabled: true
    metric_use_physics_weights: true
    datasets:
    - pipeline_condition_aware
    weight_source_mode: pipeline_indicator
    reference_physics_type: linear_elasticity
    importance_metric: strain_energy_density
    cache_dir: ./data/weighted_imitation
    auto_prepare: false
    overwrite_cache: false
    young_modulus: 1.0
    poisson_ratio: 0.3
    console_support_quantile: 0.08
    console_load_quantile: 0.92
    console_min_region_faces: 8
    console_load_type: surface_traction
    console_surface_traction_magnitude: 1.0
    console_body_force_magnitude: 1.0
    mold_inlet_radius_scale: 0.08
    mold_far_region_quantile: 0.92
    mold_min_region_faces: 8
    mold_pressure_magnitude: 1.0
    weight_mode: linear
    beta: 1.0
    gamma: 2.0
    lambda_high: 4.0
    lambda_mid: 2.0
    topk_percent: 0.2
    ternary_low_quantile: 0.5
    ternary_high_quantile: 0.8
    bucket_count: 5
    epsilon: 1.0e-08
    normalization_lower_quantile: 0.05
    normalization_upper_quantile: 0.95
    clip_min: 1.0
    clip_max: 10.0
    weight_clip_min: 1.0
    weight_clip_max: 10.0
    solver_regularization_epsilon: 1.0e-10
    stage2_enable: false
    stage2_epochs: 20
    stage2_resume_mode: true
    stage2_weight_mode: binary_topk
    stage2_topk_percent: 0.2
    stage2_high_importance_only: true
    stage2_high_importance_emphasis: 1.0
    stage2_low_weight: 1.0e-08
    stage2_beta: 1.0
    stage2_gamma: 3.0
    stage2_lambda_mid: 2.0
    stage2_lambda_high: 8.0
    stage2_ternary_low_quantile: 0.5
    stage2_ternary_high_quantile: 0.8
    fallback_to_ones: false
  plotting:
    sample_idxs:
    - 0
    - 1
    frequency: 200
    initial_epoch: false
  loss_type: mse
  initial_mesh_handling: topology_only
  inference_steps: 3
  sizing_field_damping:
    last_step_damping: 1.0
    damping_factor: 0.618
logger:
  wandb:
    enabled: false
    entity: null
    project_name: AMBER
    group_name: amber_pipeline_physics_correction_stage_field
    task_name: pipeline_condition_aware
    run_name: seed_1
    job_type: +_run=amber_pipeline_physics_correction_stage_field,ini_fro_wei_bas_che=D:/SITP/tet_work/amber/output/form
al_experiments/formal-mold7000-v3/M1/seed_01/checkpoints/last.ckpt,ena=false,geo_sou_roo=D:/SITP/tet_work/dataest-pipeli
ne/data/mold,pip_out_roo=D:/SITP/tet_work/dataest-pipeline/output/condition_aware_dataset_generation/default_fix_budget_
run
    tags:
    - pipeline_condition_aware
    - amber
    - neurips_dev
    use_env_wandb_dir: true
    start_method: thread
trainer:
  accelerator: gpu
  precision: 16-mixed
  matmul_precision: high
  devices: 1
  accumulate_grad_batches: 1
  check_val_every_n_epoch: 1
  fast_dev_run: false
  num_sanity_val_steps: 2
  gradient_clip_val: 0.5
  enable_checkpointing: true
  checkpoint_frequency: 100
  max_epochs: 101
  torch_compile: false
  ckpt_path: null
base_dir: ./output/hydra
exp_name: amber_pipeline_physics_correction_stage_field
_version: 1
idx: ambppcsf100
seed: 1
experiment_protocol:
  method_id: M4
  analysis_id: M4
  method_role: core
  protocol_id: formal-mold7000-v3
  formal_run: true
  run_test_after_fit: false
  evaluation_prediction_variants:
  - final
  - expert_only
  budget_close_relative_tolerance: 0.18
  budget_valid_min_ratio: 0.8
  budget_valid_max_ratio: 1.5714285714285714
  require_seed_matched_m1_checkpoint: true
  evaluation_checkpoint: last.ckpt
  training_budget_epochs: 101
  require_clean_repositories: true
  m1_checkpoint_search_root: output/hydra/training

Seed set to 1
example_graph.x.shape:torch.Size([172, 4])
example_graph.edge_attr.shape:torch.Size([1806, 2])
embeding_config:None
in_node_features:4
in_edge_features:2
No embedding config 没没有有输输入入嵌嵌入入层层配配置置
No embedding config 没没有有输输入入嵌嵌入入层层配配置置
{
  "experiment_information_flow": {
    "method_id": "M4",
    "analysis_id": "M4",
    "method_role": "core",
    "oracle_only": false,
    "protocol_id": "formal-mold7000-v3",
    "formal_run": true,
    "run_test_after_fit": false,
    "evaluation_prediction_variants": [
      "final",
      "expert_only"
    ],
    "budget_close_relative_tolerance": 0.18,
    "budget_valid_min_ratio": 0.8,
    "budget_valid_max_ratio": 1.5714285714285714,
    "weighted_enabled": true,
    "weighted_source": "pipeline_indicator",
    "weighted_mode": "linear",
    "correction_enabled": true,
    "physics_feature_source": "stage_field_fusion",
    "stage_projection_target": "learner_mesh",
    "gate_max": 1.0,
    "checkpoint_init_path": "D:\\SITP\\tet_work\\amber\\output\\formal_experiments\\formal-mold7000-v3\\M1\\seed_01\\che
ckpoints\\last.ckpt",
    "checkpoint_init_validated": true,
    "inference_steps": 3,
    "training_budget_epochs": 101,
    "evaluation_checkpoint": "last.ckpt",
    "dataset_fingerprint_sha256": "26f333eb00e4818225f98ad27a77cf0eea802903ff4be3af78d094bf0f085c7c",
    "code_versions": {
      "amber": {
        "root": "D:\\SITP\\tet_work\\amber",
        "commit": "b74c803b6832d100e3d0cba09d049a65197c1310",
        "branch": "with_pipeline",
        "dirty": false,
        "status_porcelain": []
      },
      "dataest-pipeline": {
        "root": "D:\\SITP\\tet_work\\dataest-pipeline",
        "commit": "fc11801a248156442a6635e85104ef05da9a53fc",
        "branch": "main",
        "dirty": false,
        "status_porcelain": []
      }
    },
    "retained_split_sizes": {
      "train": 182,
      "val": 34,
      "test": 42
    }
  }
}
D:\SITP\tet_work\amber\output\formal_experiments\formal-mold7000-v3\M4\seed_01
Using 16bit Automatic Mixed Precision (AMP)
GPU available: True (cuda), used: True
TPU available: False, using: 0 TPU cores
HPU available: False, using: 0 HPUs
LOCAL_RANK: 0 - CUDA_VISIBLE_DEVICES: [0]
Sanity Checking: |                                                                               | 0/? [00:00<?, ?it/s]D
:\anaconda3\envs\AMBER_neurips\Lib\site-packages\lightning\pytorch\utilities\_pytree.py:21: `isinstance(treespec, LeafSp
ec)` is deprecated, use `isinstance(treespec, TreeSpec) and treespec.is_leaf()` instead.
Initial Metrics: 100%|█████████████████████████████████████████████████████████████████| 34/34 [00:29<00:00,  1.17it/s]
Epoch 100: 100%|█████████████████████████████████████████| 128/128 [06:03<00:00,  0.35it/s, loss=0.000, dataset_size=0]`
Trainer.fit` stopped: `max_epochs=101` reached.
Epoch 100: 100%|█████████████████████████████████████████| 128/128 [06:06<00:00,  0.35it/s, loss=0.000, dataset_size=0]
D:\anaconda3\envs\AMBER_neurips\python.exe D:\SITP\tet_work\amber\main.py +_runs/amber=amber_pipeline_physics_correction
_stage_field task.pipeline_output_root=D:/SITP/tet_work/dataest-pipeline/output/condition_aware_dataset_generation/defau
lt_fix_budget_run task.geometry_source_root=D:/SITP/tet_work/dataest-pipeline/data/mold seed=2 hydra.run.dir=D:/SITP/tet
_work/amber/output/formal_experiments/formal-mold7000-v3/M4/seed_02 logger.wandb.enabled=false algorithm.init_from_weigh
ted_baseline_checkpoint=D:/SITP/tet_work/amber/output/formal_experiments/formal-mold7000-v3/M1/seed_02/checkpoints/last.
ckpt
task:
  features:
    vertex:
      x_position: false
      y_position: false
      z_position: false
      degree: true
      sizing_field: true
      log_sizing_field: false
      is_boundary: false
      boundary_degree: false
      x_position_norm: false
      y_position_norm: false
      z_position_norm: false
      normal_x: false
      normal_y: false
      normal_z: false
      normal_var_mean: false
      normal_var_max: false
      mean_curvature: false
      gaussian_curvature: false
    element:
      x_position: false
      y_position: false
      z_position: false
      sizing_field: true
    pixel:
      x_position: false
      y_position: false
      z_position: false
      sizing_field: true
    edge:
      distance_vector: false
      euclidean_distance: true
      edge_curvature: true
      boundary_edge_flag: false
      edge_length_over_sqrt_hihj: false
      delta_log_sizing_field: false
      dihedral_angle: false
      sharp_edge_flag: false
    add_self_edges: true
  name: pipeline_condition_aware
  max_initial_element_volume: 0.0
  sizing_field_interpolation_type: sampled_vertex
  dataset_preparator: pipeline_condition_aware
  pipeline_output_root: D:/SITP/tet_work/dataest-pipeline/output/condition_aware_dataset_generation/default_fix_budget_r
un
  geometry_source_root: D:/SITP/tet_work/dataest-pipeline/data/mold
  manifest_name: sample_manifest
  evaluation_reference_manifest_name: evaluation_reference_manifest
  require_evaluation_reference: false
  evaluation_reference_required_splits:
  - test
  dataset_fingerprint_path: manifests/dataset_fingerprint_formal-mold7000-v3.json
  path_relocation:
    enabled: true
    old_root: D:/SITP/tet_work/dataest-pipeline
    new_root: ../dataest-pipeline
  input_mesh_mode: initial_mesh
  target_mode: final_target_mesh
  split_source: sample_manifest
  required_splits:
  - train
  - val
  - test
  empty_split_policy: fail
  allowed_statuses:
  - success_budget_closed
  - success_near_desired_budget
  budget_filter: null
  require_single_budget: true
  pde_family_filter: null
  geometry_id_filter: null
  condition_id_filter: null
  sample_id_filter: null
  one_condition_per_geometry: false
  condition_spec_mode: metadata_only
  physics_weight_source: pipeline_indicator
  physics_feature_source: stage_field_fusion
  require_indicator: true
  quality_filter:
    enabled: true
    report_relative_path: reports/smoke_report.json
    allowed_verdicts:
    - PASS_STRONG
    - PASS_WEAK
    missing_report_policy: fail
    missing_sample_policy: fail
  stage_field:
    mode: single_field
    projection: idw
    projection_target: learner_mesh
    idw_k: 4
    idw_epsilon: 1.0e-12
    fail_on_missing: true
    normalize: robust_minmax
    robust_lower_quantile: 0.05
    robust_upper_quantile: 0.95
    single_field:
      name: s_pde_raw
      direction: high_is_important
      transform: log1p
      normalize: robust_minmax
    fusion:
      combine: weighted_mean
      renormalize: true
      fields:
      - name: s_pde_raw
        direction: high_is_important
        transform: log1p
        normalize: robust_minmax
        weight: 1.0
  mesh_cell_type: tetra
  cell_type_policy: filter_tetra_then_fail_if_empty
  min_initial_elements: null
  max_initial_elements: null
  min_target_elements: 1
  max_target_elements: null
  over_limit_policy: skip
algorithm:
  architecture:
    decoder:
      activation_function: leakyrelu
      num_layers: 2
      regularization:
        dropout: 0
        spectral_norm: false
        latent_normalization: null
    latent_dimension: 64
    name: mpn
    create_graph_copy: true
    assert_graph_shapes: false
    edge_dropout: 0.1
    stack:
      layer_norm: inner
      num_steps: 20
      residual_connections: inner
      mlp:
        activation_function: leakyrelu
        num_layers: 2
        add_output_layer: false
        regularization:
          dropout: 0
          spectral_norm: false
          latent_normalization: null
  dataloader:
    steps_per_epoch: 128
    accumulate_grad_batches: 1
    batch_size: 300000
    max_size: 500
    add_strategy: stratified
    max_mesh_depth: auto
    new_samples_per_epoch: 8
    priority_alpha: 0.6
    priority_epsilon: 0.01
    curriculum_warmup_ratio: 0.3
    quality_gate_enabled: true
    min_error_threshold: 0.01
    priority_refresh_interval: 5
  optimizer:
    name: adam
    lr: 0.001
    weight_decay: 1.0e-06
    scheduler: linear_warmup_decay
  normalizer:
    normalize_inputs: 1
    normalize_predictions: 1
    input_clip: 20
  mesh_metrics:
    element_delta: true
    tetra_quality: true
    projected_l2_error: true
    physics_weighted_projected_l2_error: true
    weighted_size_l2: true
    topk_high_importance_l2: true
    bucketed_error: true
    pointcloud:
      midpoint:
      - cd
      - dcd
      vertex:
      - cd
      - dcd
  name: amber
  prediction_transform:
    inverse_transform_in_loss: true
    predict_residual: true
    name: softplus
  sizing_field_interpolation_type: sampled_vertex
  max_mesh_elements: auto
  force_mesh_generation: true
  gmsh:
    min_sizing_field: x1.25
    max_sizing_field: x1.25
  evaluation_frequency: 5
  enable_physics_correction_branch: true
  physics_feature_mode: normalized_importance
  lambda_expert_aux: 0.1
  lambda_corr_aux: 0.5
  lambda_corr_reg: 0.0001
  gate_activation: sigmoid
  gate_max: 1.0
  gate_init_bias: -2.5
  physics_readout_init_std: 0.001
  correction_warmup_epochs: 3
  init_from_weighted_baseline_checkpoint: D:/SITP/tet_work/amber/output/formal_experiments/formal-mold7000-v3/M1/seed_02
/checkpoints/last.ckpt
  inference_missing_physics_fallback: gate_zero
  weighted_imitation:
    enabled: true
    metric_use_physics_weights: true
    datasets:
    - pipeline_condition_aware
    weight_source_mode: pipeline_indicator
    reference_physics_type: linear_elasticity
    importance_metric: strain_energy_density
    cache_dir: ./data/weighted_imitation
    auto_prepare: false
    overwrite_cache: false
    young_modulus: 1.0
    poisson_ratio: 0.3
    console_support_quantile: 0.08
    console_load_quantile: 0.92
    console_min_region_faces: 8
    console_load_type: surface_traction
    console_surface_traction_magnitude: 1.0
    console_body_force_magnitude: 1.0
    mold_inlet_radius_scale: 0.08
    mold_far_region_quantile: 0.92
    mold_min_region_faces: 8
    mold_pressure_magnitude: 1.0
    weight_mode: linear
    beta: 1.0
    gamma: 2.0
    lambda_high: 4.0
    lambda_mid: 2.0
    topk_percent: 0.2
    ternary_low_quantile: 0.5
    ternary_high_quantile: 0.8
    bucket_count: 5
    epsilon: 1.0e-08
    normalization_lower_quantile: 0.05
    normalization_upper_quantile: 0.95
    clip_min: 1.0
    clip_max: 10.0
    weight_clip_min: 1.0
    weight_clip_max: 10.0
    solver_regularization_epsilon: 1.0e-10
    stage2_enable: false
    stage2_epochs: 20
    stage2_resume_mode: true
    stage2_weight_mode: binary_topk
    stage2_topk_percent: 0.2
    stage2_high_importance_only: true
    stage2_high_importance_emphasis: 1.0
    stage2_low_weight: 1.0e-08
    stage2_beta: 1.0
    stage2_gamma: 3.0
    stage2_lambda_mid: 2.0
    stage2_lambda_high: 8.0
    stage2_ternary_low_quantile: 0.5
    stage2_ternary_high_quantile: 0.8
    fallback_to_ones: false
  plotting:
    sample_idxs:
    - 0
    - 1
    frequency: 200
    initial_epoch: false
  loss_type: mse
  initial_mesh_handling: topology_only
  inference_steps: 3
  sizing_field_damping:
    last_step_damping: 1.0
    damping_factor: 0.618
logger:
  wandb:
    enabled: false
    entity: null
    project_name: AMBER
    group_name: amber_pipeline_physics_correction_stage_field
    task_name: pipeline_condition_aware
    run_name: seed_2
    job_type: +_run=amber_pipeline_physics_correction_stage_field,ini_fro_wei_bas_che=D:/SITP/tet_work/amber/output/form
al_experiments/formal-mold7000-v3/M1/seed_02/checkpoints/last.ckpt,ena=false,geo_sou_roo=D:/SITP/tet_work/dataest-pipeli
ne/data/mold,pip_out_roo=D:/SITP/tet_work/dataest-pipeline/output/condition_aware_dataset_generation/default_fix_budget_
run
    tags:
    - pipeline_condition_aware
    - amber
    - neurips_dev
    use_env_wandb_dir: true
    start_method: thread
trainer:
  accelerator: gpu
  precision: 16-mixed
  matmul_precision: high
  devices: 1
  accumulate_grad_batches: 1
  check_val_every_n_epoch: 1
  fast_dev_run: false
  num_sanity_val_steps: 2
  gradient_clip_val: 0.5
  enable_checkpointing: true
  checkpoint_frequency: 100
  max_epochs: 101
  torch_compile: false
  ckpt_path: null
base_dir: ./output/hydra
exp_name: amber_pipeline_physics_correction_stage_field
_version: 1
idx: ambppcsf100
seed: 2
experiment_protocol:
  method_id: M4
  analysis_id: M4
  method_role: core
  protocol_id: formal-mold7000-v3
  formal_run: true
  run_test_after_fit: false
  evaluation_prediction_variants:
  - final
  - expert_only
  budget_close_relative_tolerance: 0.18
  budget_valid_min_ratio: 0.8
  budget_valid_max_ratio: 1.5714285714285714
  require_seed_matched_m1_checkpoint: true
  evaluation_checkpoint: last.ckpt
  training_budget_epochs: 101
  require_clean_repositories: true
  m1_checkpoint_search_root: output/hydra/training

Seed set to 2
example_graph.x.shape:torch.Size([172, 4])
example_graph.edge_attr.shape:torch.Size([1806, 2])
embeding_config:None
in_node_features:4
in_edge_features:2
No embedding config 没没有有输输入入嵌嵌入入层层配配置置
No embedding config 没没有有输输入入嵌嵌入入层层配配置置
{
  "experiment_information_flow": {
    "method_id": "M4",
    "analysis_id": "M4",
    "method_role": "core",
    "oracle_only": false,
    "protocol_id": "formal-mold7000-v3",
    "formal_run": true,
    "run_test_after_fit": false,
    "evaluation_prediction_variants": [
      "final",
      "expert_only"
    ],
    "budget_close_relative_tolerance": 0.18,
    "budget_valid_min_ratio": 0.8,
    "budget_valid_max_ratio": 1.5714285714285714,
    "weighted_enabled": true,
    "weighted_source": "pipeline_indicator",
    "weighted_mode": "linear",
    "correction_enabled": true,
    "physics_feature_source": "stage_field_fusion",
    "stage_projection_target": "learner_mesh",
    "gate_max": 1.0,
    "checkpoint_init_path": "D:\\SITP\\tet_work\\amber\\output\\formal_experiments\\formal-mold7000-v3\\M1\\seed_02\\che
ckpoints\\last.ckpt",
    "checkpoint_init_validated": true,
    "inference_steps": 3,
    "training_budget_epochs": 101,
    "evaluation_checkpoint": "last.ckpt",
    "dataset_fingerprint_sha256": "26f333eb00e4818225f98ad27a77cf0eea802903ff4be3af78d094bf0f085c7c",
    "code_versions": {
      "amber": {
        "root": "D:\\SITP\\tet_work\\amber",
        "commit": "b74c803b6832d100e3d0cba09d049a65197c1310",
        "branch": "with_pipeline",
        "dirty": false,
        "status_porcelain": []
      },
      "dataest-pipeline": {
        "root": "D:\\SITP\\tet_work\\dataest-pipeline",
        "commit": "fc11801a248156442a6635e85104ef05da9a53fc",
        "branch": "main",
        "dirty": false,
        "status_porcelain": []
      }
    },
    "retained_split_sizes": {
      "train": 182,
      "val": 34,
      "test": 42
    }
  }
}
D:\SITP\tet_work\amber\output\formal_experiments\formal-mold7000-v3\M4\seed_02
Using 16bit Automatic Mixed Precision (AMP)
GPU available: True (cuda), used: True
TPU available: False, using: 0 TPU cores
HPU available: False, using: 0 HPUs
LOCAL_RANK: 0 - CUDA_VISIBLE_DEVICES: [0]
Sanity Checking: |                                                                               | 0/? [00:00<?, ?it/s]D
:\anaconda3\envs\AMBER_neurips\Lib\site-packages\lightning\pytorch\utilities\_pytree.py:21: `isinstance(treespec, LeafSp
ec)` is deprecated, use `isinstance(treespec, TreeSpec) and treespec.is_leaf()` instead.
Initial Metrics: 100%|█████████████████████████████████████████████████████████████████| 34/34 [00:26<00:00,  1.29it/s]
Epoch 100: 100%|█████████████████████████████████████████| 128/128 [05:10<00:00,  0.41it/s, loss=0.000, dataset_size=0]`
Trainer.fit` stopped: `max_epochs=101` reached.
Epoch 100: 100%|█████████████████████████████████████████| 128/128 [05:12<00:00,  0.41it/s, loss=0.000, dataset_size=0]
D:\anaconda3\envs\AMBER_neurips\python.exe D:\SITP\tet_work\amber\main.py +_runs/amber=amber_pipeline_physics_correction
_codex task.pipeline_output_root=D:/SITP/tet_work/dataest-pipeline/output/condition_aware_dataset_generation/default_fix
_budget_run task.geometry_source_root=D:/SITP/tet_work/dataest-pipeline/data/mold seed=0 hydra.run.dir=D:/SITP/tet_work/
amber/output/formal_experiments/formal-mold7000-v3/M3/seed_00 logger.wandb.enabled=false algorithm.init_from_weighted_ba
seline_checkpoint=D:/SITP/tet_work/amber/output/formal_experiments/formal-mold7000-v3/M1/seed_00/checkpoints/last.ckpt
task:
  features:
    vertex:
      x_position: false
      y_position: false
      z_position: false
      degree: true
      sizing_field: true
      log_sizing_field: false
      is_boundary: false
      boundary_degree: false
      x_position_norm: false
      y_position_norm: false
      z_position_norm: false
      normal_x: false
      normal_y: false
      normal_z: false
      normal_var_mean: false
      normal_var_max: false
      mean_curvature: false
      gaussian_curvature: false
    element:
      x_position: false
      y_position: false
      z_position: false
      sizing_field: true
    pixel:
      x_position: false
      y_position: false
      z_position: false
      sizing_field: true
    edge:
      distance_vector: false
      euclidean_distance: true
      edge_curvature: true
      boundary_edge_flag: false
      edge_length_over_sqrt_hihj: false
      delta_log_sizing_field: false
      dihedral_angle: false
      sharp_edge_flag: false
    add_self_edges: true
  name: pipeline_condition_aware
  max_initial_element_volume: 0.0
  sizing_field_interpolation_type: sampled_vertex
  dataset_preparator: pipeline_condition_aware
  pipeline_output_root: D:/SITP/tet_work/dataest-pipeline/output/condition_aware_dataset_generation/default_fix_budget_r
un
  geometry_source_root: D:/SITP/tet_work/dataest-pipeline/data/mold
  manifest_name: sample_manifest
  evaluation_reference_manifest_name: evaluation_reference_manifest
  require_evaluation_reference: false
  evaluation_reference_required_splits:
  - test
  dataset_fingerprint_path: manifests/dataset_fingerprint_formal-mold7000-v3.json
  path_relocation:
    enabled: true
    old_root: D:/SITP/tet_work/dataest-pipeline
    new_root: ../dataest-pipeline
  input_mesh_mode: initial_mesh
  target_mode: final_target_mesh
  split_source: sample_manifest
  required_splits:
  - train
  - val
  - test
  empty_split_policy: fail
  allowed_statuses:
  - success_budget_closed
  - success_near_desired_budget
  budget_filter: null
  require_single_budget: true
  pde_family_filter: null
  geometry_id_filter: null
  condition_id_filter: null
  sample_id_filter: null
  one_condition_per_geometry: false
  condition_spec_mode: metadata_only
  physics_weight_source: pipeline_indicator
  physics_feature_source: pipeline_indicator
  require_indicator: true
  quality_filter:
    enabled: true
    report_relative_path: reports/smoke_report.json
    allowed_verdicts:
    - PASS_STRONG
    - PASS_WEAK
    missing_report_policy: fail
    missing_sample_policy: fail
  stage_field:
    mode: single_field
    projection: idw
    projection_target: learner_mesh
    idw_k: 4
    idw_epsilon: 1.0e-12
    fail_on_missing: true
    normalize: robust_minmax
    robust_lower_quantile: 0.05
    robust_upper_quantile: 0.95
    single_field:
      name: s_pde_raw
      direction: high_is_important
      transform: log1p
      normalize: robust_minmax
    fusion:
      combine: weighted_mean
      renormalize: true
      fields:
      - name: s_pde_raw
        direction: high_is_important
        transform: log1p
        normalize: robust_minmax
        weight: 1.0
  mesh_cell_type: tetra
  cell_type_policy: filter_tetra_then_fail_if_empty
  min_initial_elements: null
  max_initial_elements: null
  min_target_elements: 1
  max_target_elements: null
  over_limit_policy: skip
algorithm:
  architecture:
    decoder:
      activation_function: leakyrelu
      num_layers: 2
      regularization:
        dropout: 0
        spectral_norm: false
        latent_normalization: null
    latent_dimension: 64
    name: mpn
    create_graph_copy: true
    assert_graph_shapes: false
    edge_dropout: 0.1
    stack:
      layer_norm: inner
      num_steps: 20
      residual_connections: inner
      mlp:
        activation_function: leakyrelu
        num_layers: 2
        add_output_layer: false
        regularization:
          dropout: 0
          spectral_norm: false
          latent_normalization: null
  dataloader:
    steps_per_epoch: 128
    accumulate_grad_batches: 1
    batch_size: 300000
    max_size: 500
    add_strategy: stratified
    max_mesh_depth: auto
    new_samples_per_epoch: 8
    priority_alpha: 0.6
    priority_epsilon: 0.01
    curriculum_warmup_ratio: 0.3
    quality_gate_enabled: true
    min_error_threshold: 0.01
    priority_refresh_interval: 5
  optimizer:
    name: adam
    lr: 0.001
    weight_decay: 1.0e-06
    scheduler: linear_warmup_decay
  normalizer:
    normalize_inputs: 1
    normalize_predictions: 1
    input_clip: 20
  mesh_metrics:
    element_delta: true
    tetra_quality: true
    projected_l2_error: true
    physics_weighted_projected_l2_error: true
    weighted_size_l2: true
    topk_high_importance_l2: true
    bucketed_error: true
    pointcloud:
      midpoint:
      - cd
      - dcd
      vertex:
      - cd
      - dcd
  name: amber
  prediction_transform:
    inverse_transform_in_loss: true
    predict_residual: true
    name: softplus
  sizing_field_interpolation_type: sampled_vertex
  max_mesh_elements: auto
  force_mesh_generation: true
  gmsh:
    min_sizing_field: x1.25
    max_sizing_field: x1.25
  evaluation_frequency: 5
  enable_physics_correction_branch: true
  physics_feature_mode: normalized_importance
  lambda_expert_aux: 0.1
  lambda_corr_aux: 0.5
  lambda_corr_reg: 0.0001
  gate_activation: sigmoid
  gate_max: 1.0
  gate_init_bias: -2.5
  physics_readout_init_std: 0.001
  correction_warmup_epochs: 3
  init_from_weighted_baseline_checkpoint: D:/SITP/tet_work/amber/output/formal_experiments/formal-mold7000-v3/M1/seed_00
/checkpoints/last.ckpt
  inference_missing_physics_fallback: gate_zero
  weighted_imitation:
    enabled: true
    metric_use_physics_weights: true
    datasets:
    - pipeline_condition_aware
    weight_source_mode: pipeline_indicator
    reference_physics_type: linear_elasticity
    importance_metric: strain_energy_density
    cache_dir: ./data/weighted_imitation
    auto_prepare: false
    overwrite_cache: false
    young_modulus: 1.0
    poisson_ratio: 0.3
    console_support_quantile: 0.08
    console_load_quantile: 0.92
    console_min_region_faces: 8
    console_load_type: surface_traction
    console_surface_traction_magnitude: 1.0
    console_body_force_magnitude: 1.0
    mold_inlet_radius_scale: 0.08
    mold_far_region_quantile: 0.92
    mold_min_region_faces: 8
    mold_pressure_magnitude: 1.0
    weight_mode: linear
    beta: 1.0
    gamma: 2.0
    lambda_high: 4.0
    lambda_mid: 2.0
    topk_percent: 0.2
    ternary_low_quantile: 0.5
    ternary_high_quantile: 0.8
    bucket_count: 5
    epsilon: 1.0e-08
    normalization_lower_quantile: 0.05
    normalization_upper_quantile: 0.95
    clip_min: 1.0
    clip_max: 10.0
    weight_clip_min: 1.0
    weight_clip_max: 10.0
    solver_regularization_epsilon: 1.0e-10
    stage2_enable: false
    stage2_epochs: 20
    stage2_resume_mode: true
    stage2_weight_mode: binary_topk
    stage2_topk_percent: 0.2
    stage2_high_importance_only: true
    stage2_high_importance_emphasis: 1.0
    stage2_low_weight: 1.0e-08
    stage2_beta: 1.0
    stage2_gamma: 3.0
    stage2_lambda_mid: 2.0
    stage2_lambda_high: 8.0
    stage2_ternary_low_quantile: 0.5
    stage2_ternary_high_quantile: 0.8
    fallback_to_ones: false
  plotting:
    sample_idxs:
    - 0
    - 1
    frequency: 200
    initial_epoch: false
  loss_type: mse
  initial_mesh_handling: topology_only
  inference_steps: 3
  sizing_field_damping:
    last_step_damping: 1.0
    damping_factor: 0.618
logger:
  wandb:
    enabled: false
    entity: null
    project_name: AMBER
    group_name: amber_pipeline_physics_correction_codex
    task_name: pipeline_condition_aware
    run_name: seed_0
    job_type: +_run=amber_pipeline_physics_correction_codex,ini_fro_wei_bas_che=D:/SITP/tet_work/amber/output/formal_exp
eriments/formal-mold7000-v3/M1/seed_00/checkpoints/last.ckpt,ena=false,geo_sou_roo=D:/SITP/tet_work/dataest-pipeline/dat
a/mold,pip_out_roo=D:/SITP/tet_work/dataest-pipeline/output/condition_aware_dataset_generation/default_fix_budget_run
    tags:
    - pipeline_condition_aware
    - amber
    - neurips_dev
    use_env_wandb_dir: true
    start_method: thread
trainer:
  accelerator: gpu
  precision: 16-mixed
  matmul_precision: high
  devices: 1
  accumulate_grad_batches: 1
  check_val_every_n_epoch: 1
  fast_dev_run: false
  num_sanity_val_steps: 2
  gradient_clip_val: 0.5
  enable_checkpointing: true
  checkpoint_frequency: 100
  max_epochs: 101
  torch_compile: false
  ckpt_path: null
base_dir: ./output/hydra
exp_name: amber_pipeline_physics_correction_codex
_version: 1
idx: ambppc100
seed: 0
experiment_protocol:
  method_id: M3
  analysis_id: M3
  method_role: oracle
  oracle_only: true
  protocol_id: formal-mold7000-v3
  formal_run: true
  run_test_after_fit: false
  evaluation_prediction_variants:
  - final
  budget_close_relative_tolerance: 0.18
  budget_valid_min_ratio: 0.8
  budget_valid_max_ratio: 1.5714285714285714
  require_seed_matched_m1_checkpoint: true
  evaluation_checkpoint: last.ckpt
  training_budget_epochs: 101
  require_clean_repositories: true
  m1_checkpoint_search_root: output/hydra/training

Seed set to 0
example_graph.x.shape:torch.Size([172, 4])
example_graph.edge_attr.shape:torch.Size([1806, 2])
embeding_config:None
in_node_features:4
in_edge_features:2
No embedding config 没没有有输输入入嵌嵌入入层层配配置置
No embedding config 没没有有输输入入嵌嵌入入层层配配置置
{
  "experiment_information_flow": {
    "method_id": "M3",
    "analysis_id": "M3",
    "method_role": "oracle",
    "oracle_only": true,
    "protocol_id": "formal-mold7000-v3",
    "formal_run": true,
    "run_test_after_fit": false,
    "evaluation_prediction_variants": [
      "final"
    ],
    "budget_close_relative_tolerance": 0.18,
    "budget_valid_min_ratio": 0.8,
    "budget_valid_max_ratio": 1.5714285714285714,
    "weighted_enabled": true,
    "weighted_source": "pipeline_indicator",
    "weighted_mode": "linear",
    "correction_enabled": true,
    "physics_feature_source": "pipeline_indicator",
    "stage_projection_target": "learner_mesh",
    "gate_max": 1.0,
    "checkpoint_init_path": "D:\\SITP\\tet_work\\amber\\output\\formal_experiments\\formal-mold7000-v3\\M1\\seed_00\\che
ckpoints\\last.ckpt",
    "checkpoint_init_validated": true,
    "inference_steps": 3,
    "training_budget_epochs": 101,
    "evaluation_checkpoint": "last.ckpt",
    "dataset_fingerprint_sha256": "26f333eb00e4818225f98ad27a77cf0eea802903ff4be3af78d094bf0f085c7c",
    "code_versions": {
      "amber": {
        "root": "D:\\SITP\\tet_work\\amber",
        "commit": "b74c803b6832d100e3d0cba09d049a65197c1310",
        "branch": "with_pipeline",
        "dirty": false,
        "status_porcelain": []
      },
      "dataest-pipeline": {
        "root": "D:\\SITP\\tet_work\\dataest-pipeline",
        "commit": "fc11801a248156442a6635e85104ef05da9a53fc",
        "branch": "main",
        "dirty": false,
        "status_porcelain": []
      }
    },
    "retained_split_sizes": {
      "train": 182,
      "val": 34,
      "test": 42
    }
  }
}
D:\SITP\tet_work\amber\output\formal_experiments\formal-mold7000-v3\M3\seed_00
Using 16bit Automatic Mixed Precision (AMP)
GPU available: True (cuda), used: True
TPU available: False, using: 0 TPU cores
HPU available: False, using: 0 HPUs
LOCAL_RANK: 0 - CUDA_VISIBLE_DEVICES: [0]
Sanity Checking: |                                                                               | 0/? [00:00<?, ?it/s]D
:\anaconda3\envs\AMBER_neurips\Lib\site-packages\lightning\pytorch\utilities\_pytree.py:21: `isinstance(treespec, LeafSp
ec)` is deprecated, use `isinstance(treespec, TreeSpec) and treespec.is_leaf()` instead.
Initial Metrics: 100%|█████████████████████████████████████████████████████████████████| 34/34 [00:28<00:00,  1.18it/s]
Epoch 100: 100%|█████████████████████████████████████████| 128/128 [06:18<00:00,  0.34it/s, loss=0.000, dataset_size=0]`
Trainer.fit` stopped: `max_epochs=101` reached.
Epoch 100: 100%|█████████████████████████████████████████| 128/128 [06:21<00:00,  0.34it/s, loss=0.000, dataset_size=0]
**********************
Windows PowerShell 脚本结束
结束时间: 20260827133135
**********************
formal train exit code: 0
