**********************
Windows PowerShell 脚本开始
开始时间: 20260828011208
用户名: LEGION-DH-YS\13801
RunAs 用户: LEGION-DH-YS\13801
配置名称: 
计算机: LEGION-DH-YS (Microsoft Windows NT 10.0.26200.0)
主机应用程序: C:\Windows\system32\WindowsPowerShell\v1.0\PowerShell.exe
进程 ID: 19068
PSVersion: 5.1.26100.9168
PSEdition: Desktop
PSCompatibleVersions: 1.0, 2.0, 3.0, 4.0, 5.0, 5.1.26100.9168
BuildVersion: 10.0.26100.9168
CLRVersion: 4.0.30319.42000
WSManStackVersion: 3.0
PSRemotingProtocolVersion: 2.3
SerializationVersion: 1.1.0.1
**********************
已启动脚本，输出文件为 D:\SITP\tet_work\formal_analyze_console_20260828.log
{
  "status": "valid",
  "protocol_id": "formal-mold7000-v3"
}
D:\anaconda3\envs\AMBER_neurips\python.exe D:\SITP\tet_work\amber\analyze_formal_experiments.py --plan D:\SITP\tet_work\
amber\config\formal_experiment_plan.yaml
{
  "protocol_id": "formal-mold7000-v3",
  "dataset_fingerprint_sha256": "26f333eb00e4818225f98ad27a77cf0eea802903ff4be3af78d094bf0f085c7c",
  "reference_wording": "discrepancy_relative_to_frozen_strong_reference",
  "primary_pde_metric": "solution_l2_relative",
  "energy_or_h1_metric": null,
  "legacy_sizing_l2_columns_are_mse": true,
  "independent_unit": "geometry_id",
  "failure_policy": "all rows retained; primary PDE values require joint success for every condition in a geometry group
",
  "num_sample_rows": 1134,
  "num_geometry_rows": 864,
  "num_method_seed_summary_rows": 33,
  "num_contrast_rows": 210,
  "condition_responsiveness": {
    "M2": {
      "num_seed_geometry_rows": 33,
      "mean_responsiveness_ratio": 0.6755818302070309,
      "mean_pair_diversity_spearman": 0.7409523809523811
    },
    "M4": {
      "num_seed_geometry_rows": 33,
      "mean_responsiveness_ratio": 0.6617512283559036,
      "mean_pair_diversity_spearman": 0.7409523809523809
    }
  }
}
**********************
Windows PowerShell 脚本结束
结束时间: 20260828011307
**********************
